Archive member included to satisfy reference by file (symbol)

c:/ac6/systemworkbench/plugins/fr.ac6.mcu.externaltools.arm-none.win32_1.15.0.201708311556/tools/compiler/bin/../lib/gcc/arm-none-eabi/6.3.1/thumb/v7e-m/fpv4-sp/hard\libgcc.a(_arm_addsubdf3.o)
                              Drivers/BSP/touch_panel.o (__aeabi_dadd)
c:/ac6/systemworkbench/plugins/fr.ac6.mcu.externaltools.arm-none.win32_1.15.0.201708311556/tools/compiler/bin/../lib/gcc/arm-none-eabi/6.3.1/thumb/v7e-m/fpv4-sp/hard\libgcc.a(_arm_muldivdf3.o)
                              Drivers/BSP/touch_panel.o (__aeabi_dmul)
c:/ac6/systemworkbench/plugins/fr.ac6.mcu.externaltools.arm-none.win32_1.15.0.201708311556/tools/compiler/bin/../lib/gcc/arm-none-eabi/6.3.1/thumb/v7e-m/fpv4-sp/hard\libgcc.a(_arm_cmpdf2.o)
                              Drivers/BSP/touch_panel.o (__aeabi_dcmpeq)
c:/ac6/systemworkbench/plugins/fr.ac6.mcu.externaltools.arm-none.win32_1.15.0.201708311556/tools/compiler/bin/../lib/gcc/arm-none-eabi/6.3.1/thumb/v7e-m/fpv4-sp/hard\libgcc.a(_arm_fixunsdfsi.o)
                              Drivers/BSP/touch_panel.o (__aeabi_d2uiz)
c:/ac6/systemworkbench/plugins/fr.ac6.mcu.externaltools.arm-none.win32_1.15.0.201708311556/tools/compiler/bin/../lib/gcc/arm-none-eabi/6.3.1/thumb/v7e-m/fpv4-sp/hard\libgcc.a(_aeabi_uldivmod.o)
                              Drivers/STM32F4xx_HAL_Driver/Src/stm32f4xx_hal_rcc.o (__aeabi_uldivmod)
c:/ac6/systemworkbench/plugins/fr.ac6.mcu.externaltools.arm-none.win32_1.15.0.201708311556/tools/compiler/bin/../lib/gcc/arm-none-eabi/6.3.1/thumb/v7e-m/fpv4-sp/hard\libgcc.a(_udivmoddi4.o)
                              c:/ac6/systemworkbench/plugins/fr.ac6.mcu.externaltools.arm-none.win32_1.15.0.201708311556/tools/compiler/bin/../lib/gcc/arm-none-eabi/6.3.1/thumb/v7e-m/fpv4-sp/hard\libgcc.a(_aeabi_uldivmod.o) (__udivmoddi4)
c:/ac6/systemworkbench/plugins/fr.ac6.mcu.externaltools.arm-none.win32_1.15.0.201708311556/tools/compiler/bin/../lib/gcc/arm-none-eabi/6.3.1/thumb/v7e-m/fpv4-sp/hard\libgcc.a(_dvmd_tls.o)
                              c:/ac6/systemworkbench/plugins/fr.ac6.mcu.externaltools.arm-none.win32_1.15.0.201708311556/tools/compiler/bin/../lib/gcc/arm-none-eabi/6.3.1/thumb/v7e-m/fpv4-sp/hard\libgcc.a(_aeabi_uldivmod.o) (__aeabi_ldiv0)
c:/ac6/systemworkbench/plugins/fr.ac6.mcu.externaltools.arm-none.win32_1.15.0.201708311556/tools/compiler/bin/../lib/gcc/arm-none-eabi/6.3.1/../../../../arm-none-eabi/lib/thumb/v7e-m/fpv4-sp/hard\libc_nano.a(lib_a-errno.o)
                              Src/usart.o (__errno)
c:/ac6/systemworkbench/plugins/fr.ac6.mcu.externaltools.arm-none.win32_1.15.0.201708311556/tools/compiler/bin/../lib/gcc/arm-none-eabi/6.3.1/../../../../arm-none-eabi/lib/thumb/v7e-m/fpv4-sp/hard\libc_nano.a(lib_a-exit.o)
                              c:/ac6/systemworkbench/plugins/fr.ac6.mcu.externaltools.arm-none.win32_1.15.0.201708311556/tools/compiler/bin/../lib/gcc/arm-none-eabi/6.3.1/../../../../arm-none-eabi/lib/thumb/v7e-m/fpv4-sp/hard/crt0.o (exit)
c:/ac6/systemworkbench/plugins/fr.ac6.mcu.externaltools.arm-none.win32_1.15.0.201708311556/tools/compiler/bin/../lib/gcc/arm-none-eabi/6.3.1/../../../../arm-none-eabi/lib/thumb/v7e-m/fpv4-sp/hard\libc_nano.a(lib_a-fileno.o)
                              Src/usart.o (fileno)
c:/ac6/systemworkbench/plugins/fr.ac6.mcu.externaltools.arm-none.win32_1.15.0.201708311556/tools/compiler/bin/../lib/gcc/arm-none-eabi/6.3.1/../../../../arm-none-eabi/lib/thumb/v7e-m/fpv4-sp/hard\libc_nano.a(lib_a-findfp.o)
                              c:/ac6/systemworkbench/plugins/fr.ac6.mcu.externaltools.arm-none.win32_1.15.0.201708311556/tools/compiler/bin/../lib/gcc/arm-none-eabi/6.3.1/../../../../arm-none-eabi/lib/thumb/v7e-m/fpv4-sp/hard\libc_nano.a(lib_a-fileno.o) (__sinit)
c:/ac6/systemworkbench/plugins/fr.ac6.mcu.externaltools.arm-none.win32_1.15.0.201708311556/tools/compiler/bin/../lib/gcc/arm-none-eabi/6.3.1/../../../../arm-none-eabi/lib/thumb/v7e-m/fpv4-sp/hard\libc_nano.a(lib_a-fwalk.o)
                              c:/ac6/systemworkbench/plugins/fr.ac6.mcu.externaltools.arm-none.win32_1.15.0.201708311556/tools/compiler/bin/../lib/gcc/arm-none-eabi/6.3.1/../../../../arm-none-eabi/lib/thumb/v7e-m/fpv4-sp/hard\libc_nano.a(lib_a-findfp.o) (_fwalk)
c:/ac6/systemworkbench/plugins/fr.ac6.mcu.externaltools.arm-none.win32_1.15.0.201708311556/tools/compiler/bin/../lib/gcc/arm-none-eabi/6.3.1/../../../../arm-none-eabi/lib/thumb/v7e-m/fpv4-sp/hard\libc_nano.a(lib_a-impure.o)
                              c:/ac6/systemworkbench/plugins/fr.ac6.mcu.externaltools.arm-none.win32_1.15.0.201708311556/tools/compiler/bin/../lib/gcc/arm-none-eabi/6.3.1/../../../../arm-none-eabi/lib/thumb/v7e-m/fpv4-sp/hard\libc_nano.a(lib_a-exit.o) (_global_impure_ptr)
c:/ac6/systemworkbench/plugins/fr.ac6.mcu.externaltools.arm-none.win32_1.15.0.201708311556/tools/compiler/bin/../lib/gcc/arm-none-eabi/6.3.1/../../../../arm-none-eabi/lib/thumb/v7e-m/fpv4-sp/hard\libc_nano.a(lib_a-init.o)
[...]
Memory Configuration

Name             Origin             Length             Attributes
RAM              0x20000000         0x00020000         xrw
CCMRAM           0x10000000         0x00010000         rw
FLASH            0x08000000         0x00100000         xr
*default*        0x00000000         0xffffffff

Linker script and memory map

LOAD c:/ac6/systemworkbench/plugins/fr.ac6.mcu.externaltools.arm-none.win32_1.15.0.201708311556/tools/compiler/bin/../lib/gcc/arm-none-eabi/6.3.1/thumb/v7e-m/fpv4-sp/hard/crti.o
LOAD c:/ac6/systemworkbench/plugins/fr.ac6.mcu.externaltools.arm-none.win32_1.15.0.201708311556/tools/compiler/bin/../lib/gcc/arm-none-eabi/6.3.1/thumb/v7e-m/fpv4-sp/hard/crtbegin.o
LOAD c:/ac6/systemworkbench/plugins/fr.ac6.mcu.externaltools.arm-none.win32_1.15.0.201708311556/tools/compiler/bin/../lib/gcc/arm-none-eabi/6.3.1/../../../../arm-none-eabi/lib/thumb/v7e-m/fpv4-sp/hard/crt0.o
LOAD Drivers/BSP/Fonts/font12.o
LOAD Drivers/BSP/Fonts/font16.o
LOAD Drivers/BSP/Fonts/font20.o
LOAD Drivers/BSP/Fonts/font24.o
LOAD Drivers/BSP/Fonts/font8.o
LOAD Drivers/BSP/ili9325.o
LOAD Drivers/BSP/openx07v_c_lcd.o
LOAD Drivers/BSP/touch_panel.o
LOAD Drivers/STM32F4xx_HAL_Driver/Src/stm32f4xx_hal.o
LOAD Drivers/STM32F4xx_HAL_Driver/Src/stm32f4xx_hal_cortex.o
LOAD Drivers/STM32F4xx_HAL_Driver/Src/stm32f4xx_hal_dma.o
LOAD Drivers/STM32F4xx_HAL_Driver/Src/stm32f4xx_hal_dma_ex.o
LOAD Drivers/STM32F4xx_HAL_Driver/Src/stm32f4xx_hal_flash.o
LOAD Drivers/STM32F4xx_HAL_Driver/Src/stm32f4xx_hal_flash_ex.o
LOAD Drivers/STM32F4xx_HAL_Driver/Src/stm32f4xx_hal_flash_ramfunc.o
LOAD Drivers/STM32F4xx_HAL_Driver/Src/stm32f4xx_hal_gpio.o
LOAD Drivers/STM32F4xx_HAL_Driver/Src/stm32f4xx_hal_pwr.o
LOAD Drivers/STM32F4xx_HAL_Driver/Src/stm32f4xx_hal_pwr_ex.o
LOAD Drivers/STM32F4xx_HAL_Driver/Src/stm32f4xx_hal_rcc.o
LOAD Drivers/STM32F4xx_HAL_Driver/Src/stm32f4xx_hal_rcc_ex.o
LOAD Drivers/STM32F4xx_HAL_Driver/Src/stm32f4xx_hal_sd.o
LOAD Drivers/STM32F4xx_HAL_Driver/Src/stm32f4xx_hal_spi.o
LOAD Drivers/STM32F4xx_HAL_Driver/Src/stm32f4xx_hal_sram.o
LOAD Drivers/STM32F4xx_HAL_Driver/Src/stm32f4xx_hal_tim.o
LOAD Drivers/STM32F4xx_HAL_Driver/Src/stm32f4xx_hal_tim_ex.o
LOAD Drivers/STM32F4xx_HAL_Driver/Src/stm32f4xx_hal_uart.o
LOAD Drivers/STM32F4xx_HAL_Driver/Src/stm32f4xx_ll_fsmc.o
LOAD Drivers/STM32F4xx_HAL_Driver/Src/stm32f4xx_ll_sdmmc.o
LOAD Middlewares/Third_Party/FatFs/src/diskio.o
LOAD Middlewares/Third_Party/FatFs/src/ff.o
LOAD Middlewares/Third_Party/FatFs/src/ff_gen_drv.o
LOAD Middlewares/Third_Party/FatFs/src/option/syscall.o
LOAD Middlewares/Third_Party/FreeRTOS/Source/CMSIS_RTOS/cmsis_os.o
LOAD Middlewares/Third_Party/FreeRTOS/Source/croutine.o
LOAD Middlewares/Third_Party/FreeRTOS/Source/event_groups.o
LOAD Middlewares/Third_Party/FreeRTOS/Source/list.o
LOAD Middlewares/Third_Party/FreeRTOS/Source/queue.o
LOAD Middlewares/Third_Party/FreeRTOS/Source/tasks.o
LOAD Middlewares/Third_Party/FreeRTOS/Source/timers.o
LOAD Middlewares/Third_Party/FreeRTOS/Source/portable/GCC/ARM_CM4F/port.o
LOAD Middlewares/Third_Party/FreeRTOS/Source/portable/MemMang/heap_4.o
LOAD Src/Ass-03-Lib.o
LOAD Src/Ass-03-Task-01.o
LOAD Src/Ass-03-Task-02.o
LOAD Src/Ass-03-Task-03.o
LOAD Src/bsp_driver_sd.o
LOAD Src/dma.o
LOAD Src/fatfs.o
LOAD Src/freertos.o
LOAD Src/fsmc.o
LOAD Src/gpio.o
LOAD Src/main.o
LOAD Src/sd_diskio.o
LOAD Src/sdio.o
LOAD Src/spi.o
LOAD Src/stm32f4xx_hal_msp.o
LOAD Src/stm32f4xx_hal_timebase_TIM.o
LOAD Src/stm32f4xx_it.o
LOAD Src/system_stm32f4xx.o
LOAD Src/usart.o
LOAD startup/startup_stm32f407xx.o
LOAD c:/ac6/systemworkbench/plugins/fr.ac6.mcu.externaltools.arm-none.win32_1.15.0.201708311556/tools/compiler/bin/../lib/gcc/arm-none-eabi/6.3.1/../../../../arm-none-eabi/lib/thumb/v7e-m/fpv4-sp/hard\libm.a
START GROUP
LOAD c:/ac6/systemworkbench/plugins/fr.ac6.mcu.externaltools.arm-none.win32_1.15.0.201708311556/tools/compiler/bin/../lib/gcc/arm-none-eabi/6.3.1/thumb/v7e-m/fpv4-sp/hard\libgcc.a
LOAD c:/ac6/systemworkbench/plugins/fr.ac6.mcu.externaltools.arm-none.win32_1.15.0.201708311556/tools/compiler/bin/../lib/gcc/arm-none-eabi/6.3.1/../../../../arm-none-eabi/lib/thumb/v7e-m/fpv4-sp/hard\libc_nano.a
END GROUP
START GROUP
LOAD c:/ac6/systemworkbench/plugins/fr.ac6.mcu.externaltools.arm-none.win32_1.15.0.201708311556/tools/compiler/bin/../lib/gcc/arm-none-eabi/6.3.1/thumb/v7e-m/fpv4-sp/hard\libgcc.a
LOAD c:/ac6/systemworkbench/plugins/fr.ac6.mcu.externaltools.arm-none.win32_1.15.0.201708311556/tools/compiler/bin/../lib/gcc/arm-none-eabi/6.3.1/../../../../arm-none-eabi/lib/thumb/v7e-m/fpv4-sp/hard\libc_nano.a
LOAD c:/ac6/systemworkbench/plugins/fr.ac6.mcu.externaltools.arm-none.win32_1.15.0.201708311556/tools/compiler/bin/../lib/gcc/arm-none-eabi/6.3.1/../../../../arm-none-eabi/lib/thumb/v7e-m/fpv4-sp/hard\libnosys.a
END GROUP
START GROUP
LOAD c:/ac6/systemworkbench/plugins/fr.ac6.mcu.externaltools.arm-none.win32_1.15.0.201708311556/tools/compiler/bin/../lib/gcc/arm-none-eabi/6.3.1/thumb/v7e-m/fpv4-sp/hard\libgcc.a
LOAD c:/ac6/systemworkbench/plugins/fr.ac6.mcu.externaltools.arm-none.win32_1.15.0.201708311556/tools/compiler/bin/../lib/gcc/arm-none-eabi/6.3.1/../../../../arm-none-eabi/lib/thumb/v7e-m/fpv4-sp/hard\libc_nano.a
LOAD c:/ac6/systemworkbench/plugins/fr.ac6.mcu.externaltools.arm-none.win32_1.15.0.201708311556/tools/compiler/bin/../lib/gcc/arm-none-eabi/6.3.1/../../../../arm-none-eabi/lib/thumb/v7e-m/fpv4-sp/hard\libnosys.a
END GROUP
LOAD c:/ac6/systemworkbench/plugins/fr.ac6.mcu.externaltools.arm-none.win32_1.15.0.201708311556/tools/compiler/bin/../lib/gcc/arm-none-eabi/6.3.1/thumb/v7e-m/fpv4-sp/hard/crtend.o
LOAD c:/ac6/systemworkbench/plugins/fr.ac6.mcu.externaltools.arm-none.win32_1.15.0.201708311556/tools/compiler/bin/../lib/gcc/arm-none-eabi/6.3.1/thumb/v7e-m/fpv4-sp/hard/crtn.o
                0x20020000                _estack = 0x20020000
                0x00010000                _Min_Heap_Size = 0x10000
                0x00002000                _Min_Stack_Size = 0x2000

.isr_vector     0x08000000      0x188
                0x08000000                . = ALIGN (0x4)
 *(.isr_vector)
 .isr_vector    0x08000000      0x188 startup/startup_stm32f407xx.o
                0x08000000                g_pfnVectors
                0x08000188                . = ALIGN (0x4)

.text           0x08000190     0xb0a4
                0x08000190                . = ALIGN (0x4)
 *(.text)
 .text          0x08000190       0x6c c:/ac6/systemworkbench/plugins/fr.ac6.mcu.externaltools.arm-none.win32_1.15.0.201708311556/tools/compiler/bin/../lib/gcc/arm-none-eabi/6.3.1/thumb/v7e-m/fpv4-sp/hard/crtbegin.o
 .text          0x080001fc      0x370 c:/ac6/systemworkbench/plugins/fr.ac6.mcu.externaltools.arm-none.win32_1.15.0.201708311556/tools/compiler/bin/../lib/gcc/arm-none-eabi/6.3.1/thumb/v7e-m/fpv4-sp/hard\libgcc.a(_arm_addsubdf3.o)
                0x080001fc                __aeabi_drsub
                0x08000204                __aeabi_dsub
                0x08000204                __subdf3
                0x08000208                __aeabi_dadd
                0x08000208                __adddf3
                0x08000480                __floatunsidf
                0x08000480                __aeabi_ui2d
                0x080004a0                __floatsidf
                0x080004a0                __aeabi_i2d
                0x080004c4                __aeabi_f2d
                0x080004c4                __extendsfdf2
                0x08000500                __floatundidf
                0x08000500                __aeabi_ul2d
                0x08000510                __floatdidf
                0x08000510                __aeabi_l2d
 .text          0x0800056c      0x424 c:/ac6/systemworkbench/plugins/fr.ac6.mcu.externaltools.arm-none.win32_1.15.0.201708311556/tools/compiler/bin/../lib/gcc/arm-none-eabi/6.3.1/thumb/v7e-m/fpv4-sp/hard\libgcc.a(_arm_muldivdf3.o)
                0x0800056c                __aeabi_dmul
                0x0800056c                __muldf3
                0x080007c0                __divdf3
                0x080007c0                __aeabi_ddiv
 .text          0x08000990      0x110 c:/ac6/systemworkbench/plugins/fr.ac6.mcu.externaltools.arm-none.win32_1.15.0.201708311556/tools/compiler/bin/../lib/gcc/arm-none-eabi/6.3.1/thumb/v7e-m/fpv4-sp/hard\libgcc.a(_arm_cmpdf2.o)
                0x08000990                __gtdf2
                0x08000990                __gedf2
                0x08000998                __ltdf2
                0x08000998                __ledf2
                0x080009a0                __nedf2
                0x080009a0                __eqdf2
                0x080009a0                __cmpdf2
                0x08000a1c                __aeabi_cdrcmple
                0x08000a2c                __aeabi_cdcmpeq
                0x08000a2c                __aeabi_cdcmple
                0x08000a3c                __aeabi_dcmpeq
                0x08000a50                __aeabi_dcmplt
                0x08000a64                __aeabi_dcmple
                0x08000a78                __aeabi_dcmpge
                0x08000a8c                __aeabi_dcmpgt
 .text          0x08000aa0       0x40 c:/ac6/systemworkbench/plugins/fr.ac6.mcu.externaltools.arm-none.win32_1.15.0.201708311556/tools/compiler/bin/../lib/gcc/arm-none-eabi/6.3.1/thumb/v7e-m/fpv4-sp/hard\libgcc.a(_arm_fixunsdfsi.o)
                0x08000aa0                __aeabi_d2uiz
                0x08000aa0                __fixunsdfsi
 .text          0x08000ae0       0x30 c:/ac6/systemworkbench/plugins/fr.ac6.mcu.externaltools.arm-none.win32_1.15.0.201708311556/tools/compiler/bin/../lib/gcc/arm-none-eabi/6.3.1/thumb/v7e-m/fpv4-sp/hard\libgcc.a(_aeabi_uldivmod.o)
                0x08000ae0                __aeabi_uldivmod
 .text          0x08000b10      0x2dc c:/ac6/systemworkbench/plugins/fr.ac6.mcu.externaltools.arm-none.win32_1.15.0.201708311556/tools/compiler/bin/../lib/gcc/arm-none-eabi/6.3.1/thumb/v7e-m/fpv4-sp/hard\libgcc.a(_udivmoddi4.o)
                0x08000b10                __udivmoddi4
 .text          0x08000dec        0x4 c:/ac6/systemworkbench/plugins/fr.ac6.mcu.externaltools.arm-none.win32_1.15.0.201708311556/tools/compiler/bin/../lib/gcc/arm-none-eabi/6.3.1/thumb/v7e-m/fpv4-sp/hard\libgcc.a(_dvmd_tls.o)
                0x08000dec                __aeabi_idiv0
                0x08000dec                __aeabi_ldiv0
 .text          0x08000df0       0xa0 c:/ac6/systemworkbench/plugins/fr.ac6.mcu.externaltools.arm-none.win32_1.15.0.201708311556/tools/compiler/bin/../lib/gcc/arm-none-eabi/6.3.1/../../../../arm-none-eabi/lib/thumb/v7e-m/fpv4-sp/hard\libc_nano.a(lib_a-memchr.o)
                0x08000df0                memchr
 *(.text*)
 .text.ili9325_GetLcdPixelWidth
                0x08000e90        0x6 Drivers/BSP/ili9325.o
                0x08000e90                ili9325_GetLcdPixelWidth
 .text.ili9325_GetLcdPixelHeight
                0x08000e96        0x4 Drivers/BSP/ili9325.o
                0x08000e96                ili9325_GetLcdPixelHeight
 *fill*         0x08000e9a        0x2 
 .text.LCD_IO_WriteMultipleData
                0x08000e9c       0x18 Drivers/BSP/ili9325.o
                0x08000e9c                LCD_IO_WriteMultipleData
 .text.LCD_IO_WriteReg
                0x08000eb4        0x8 Drivers/BSP/ili9325.o
                0x08000eb4                LCD_IO_WriteReg
 .text.LCD_IO_ReadData
                0x08000ebc        0xc Drivers/BSP/ili9325.o
                0x08000ebc                LCD_IO_ReadData
 .text.ili9325_WriteReg
                0x08000ec8       0x1a Drivers/BSP/ili9325.o
                0x08000ec8                ili9325_WriteReg
 .text.ili9325_DisplayOn
                0x08000ee2       0x5e Drivers/BSP/ili9325.o
                0x08000ee2                ili9325_DisplayOn
 .text.ili9325_DisplayOff
                0x08000f40       0x34 Drivers/BSP/ili9325.o
                0x08000f40                ili9325_DisplayOff
 .text.ili9325_SetCursor
                0x08000f74       0x1a Drivers/BSP/ili9325.o
                0x08000f74                ili9325_SetCursor
 .text.ili9325_WritePixel
                0x08000f8e       0x20 Drivers/BSP/ili9325.o
                0x08000f8e                ili9325_WritePixel
 .text.ili9325_ReadPixel
                0x08000fae       0x16 Drivers/BSP/ili9325.o
                0x08000fae                ili9325_ReadPixel
 .text.ili9325_DrawHLine
                0x08000fc4       0x34 Drivers/BSP/ili9325.o
                0x08000fc4                ili9325_DrawHLine
 .text.ili9325_DrawRGBImage
                0x08000ff8       0x1a Drivers/BSP/ili9325.o
                0x08000ff8                ili9325_DrawRGBImage
 *fill*         0x08001012        0x2 
 .text.ili9325_Clear
                0x08001014       0x2c Drivers/BSP/ili9325.o
                0x08001014                ili9325_Clear
 .text.ili9325_Init
                0x08001040      0x1ea Drivers/BSP/ili9325.o
                0x08001040                ili9325_Init
 .text.ili9325_SetDisplayWindow
                0x0800122a       0x3c Drivers/BSP/ili9325.o
                0x0800122a                ili9325_SetDisplayWindow
 *fill*         0x08001266        0x2 
 .text.ili9325_DrawVLine
                0x08001268       0x4c Drivers/BSP/ili9325.o
                0x08001268                ili9325_DrawVLine
 .text.ili9325_DrawBitmap
                0x080012b4       0x4c Drivers/BSP/ili9325.o
                0x080012b4                ili9325_DrawBitmap
 .text.ili9325_ReadReg
                0x08001300       0x24 Drivers/BSP/ili9325.o
                0x08001300                ili9325_ReadReg
 .text.ili9325_ReadID
                0x08001324        0xa Drivers/BSP/ili9325.o
                0x08001324                ili9325_ReadID
 *fill*         0x0800132e        0x2 
 .text.LCD_DrawPixel
                0x08001330       0x14 Drivers/BSP/openx07v_c_lcd.o
 .text.LCD_SetDisplayWindow
                0x08001344       0x14 Drivers/BSP/openx07v_c_lcd.o
 .text.BSP_LCD_GetXSize
                0x08001358       0x10 Drivers/BSP/openx07v_c_lcd.o
                0x08001358                BSP_LCD_GetXSize
 .text.BSP_LCD_GetYSize
                0x08001368       0x10 Drivers/BSP/openx07v_c_lcd.o
                0x08001368                BSP_LCD_GetYSize
 .text.BSP_LCD_SetTextColor
                0x08001378        0xc Drivers/BSP/openx07v_c_lcd.o
                0x08001378                BSP_LCD_SetTextColor
 .text.BSP_LCD_SetFont
                0x08001384        0xc Drivers/BSP/openx07v_c_lcd.o
                0x08001384                BSP_LCD_SetFont
 .text.BSP_LCD_Init
                0x08001390       0x70 Drivers/BSP/openx07v_c_lcd.o
                0x08001390                BSP_LCD_Init
 .text.BSP_LCD_DrawHLine
                0x08001400       0x40 Drivers/BSP/openx07v_c_lcd.o
                0x08001400                BSP_LCD_DrawHLine
 .text.BSP_LCD_Clear
                0x08001440       0x34 Drivers/BSP/openx07v_c_lcd.o
                0x08001440                BSP_LCD_Clear
 .text.BSP_LCD_DrawVLine
                0x08001474       0x40 Drivers/BSP/openx07v_c_lcd.o
                0x08001474                BSP_LCD_DrawVLine
 .text.BSP_LCD_DrawCircle
                0x080014b4       0xe8 Drivers/BSP/openx07v_c_lcd.o
                0x080014b4                BSP_LCD_DrawCircle
 .text.BSP_LCD_DrawBitmap
                0x0800159c       0x3c Drivers/BSP/openx07v_c_lcd.o
                0x0800159c                BSP_LCD_DrawBitmap
 .text.LCD_DrawChar
                0x080015d8      0x118 Drivers/BSP/openx07v_c_lcd.o
 .text.BSP_LCD_DisplayChar
                0x080016f0       0x28 Drivers/BSP/openx07v_c_lcd.o
                0x080016f0                BSP_LCD_DisplayChar
 .text.BSP_LCD_DisplayStringAt
                0x08001718       0x9c Drivers/BSP/openx07v_c_lcd.o
                0x08001718                BSP_LCD_DisplayStringAt
 .text.BSP_LCD_FillCircle
                0x080017b4       0xc0 Drivers/BSP/openx07v_c_lcd.o
                0x080017b4                BSP_LCD_FillCircle
 .text.BSP_LCD_DisplayOn
                0x08001874       0x10 Drivers/BSP/openx07v_c_lcd.o
                0x08001874                BSP_LCD_DisplayOn
 .text.WR_CMD   0x08001884       0x20 Drivers/BSP/touch_panel.o
 .text.RD_AD    0x080018a4       0x2c Drivers/BSP/touch_panel.o
 .text.TP_Init  0x080018d0        0x2 Drivers/BSP/touch_panel.o
                0x080018d0                TP_Init
 *fill*         0x080018d2        0x2 
 .text.Read_X   0x080018d4       0x2c Drivers/BSP/touch_panel.o
                0x080018d4                Read_X
 .text.Read_Y   0x08001900       0x2c Drivers/BSP/touch_panel.o
                0x08001900                Read_Y
 .text.TP_GetAdXY
                0x0800192c       0x16 Drivers/BSP/touch_panel.o
                0x0800192c                TP_GetAdXY
 .text.DrawCross
                0x08001942       0x38 Drivers/BSP/touch_panel.o
                0x08001942                DrawCross
 *fill*         0x0800197a        0x2 
 .text.Read_Ads7846
                0x0800197c      0x1a4 Drivers/BSP/touch_panel.o
                0x0800197c                Read_Ads7846
 .text.setCalibrationMatrix
                0x08001b20      0x160 Drivers/BSP/touch_panel.o
                0x08001b20                setCalibrationMatrix
 .text.getDisplayPoint
                0x08001c80       0xc8 Drivers/BSP/touch_panel.o
                0x08001c80                getDisplayPoint
 .text.TouchPanel_Calibrate
                0x08001d48       0xb0 Drivers/BSP/touch_panel.o
                0x08001d48                TouchPanel_Calibrate
 .text.HAL_Init
                0x08001df8       0x34 Drivers/STM32F4xx_HAL_Driver/Src/stm32f4xx_hal.o
                0x08001df8                HAL_Init
 .text.HAL_IncTick
                0x08001e2c       0x18 Drivers/STM32F4xx_HAL_Driver/Src/stm32f4xx_hal.o
                0x08001e2c                HAL_IncTick
 .text.HAL_GetTick
                0x08001e44        0xc Drivers/STM32F4xx_HAL_Driver/Src/stm32f4xx_hal.o
                0x08001e44                HAL_GetTick
 .text.HAL_Delay
                0x08001e50       0x28 Drivers/STM32F4xx_HAL_Driver/Src/stm32f4xx_hal.o
                0x08001e50                HAL_Delay
 .text.HAL_NVIC_SetPriorityGrouping
                0x08001e78       0x24 Drivers/STM32F4xx_HAL_Driver/Src/stm32f4xx_hal_cortex.o
                0x08001e78                HAL_NVIC_SetPriorityGrouping
 .text.HAL_NVIC_SetPriority
                0x08001e9c       0x64 Drivers/STM32F4xx_HAL_Driver/Src/stm32f4xx_hal_cortex.o
                0x08001e9c                HAL_NVIC_SetPriority
 .text.HAL_NVIC_EnableIRQ
                0x08001f00       0x18 Drivers/STM32F4xx_HAL_Driver/Src/stm32f4xx_hal_cortex.o
                0x08001f00                HAL_NVIC_EnableIRQ
 .text.HAL_SYSTICK_Config
                0x08001f18       0x2c Drivers/STM32F4xx_HAL_Driver/Src/stm32f4xx_hal_cortex.o
                0x08001f18                HAL_SYSTICK_Config
 .text.HAL_SYSTICK_CLKSourceConfig
                0x08001f44       0x20 Drivers/STM32F4xx_HAL_Driver/Src/stm32f4xx_hal_cortex.o
                0x08001f44                HAL_SYSTICK_CLKSourceConfig
 .text.DMA_SetConfig
                0x08001f64       0x2c Drivers/STM32F4xx_HAL_Driver/Src/stm32f4xx_hal_dma.o
 .text.DMA_CalcBaseAndBitshift
                0x08001f90       0x3c Drivers/STM32F4xx_HAL_Driver/Src/stm32f4xx_hal_dma.o
 .text.DMA_CheckFifoParam
                0x08001fcc       0x8e Drivers/STM32F4xx_HAL_Driver/Src/stm32f4xx_hal_dma.o
 *fill*         0x0800205a        0x2 
 .text.HAL_DMA_Init
                0x0800205c       0xd0 Drivers/STM32F4xx_HAL_Driver/Src/stm32f4xx_hal_dma.o
                0x0800205c                HAL_DMA_Init
 .text.HAL_DMA_Start_IT
                0x0800212c       0x74 Drivers/STM32F4xx_HAL_Driver/Src/stm32f4xx_hal_dma.o
                0x0800212c                HAL_DMA_Start_IT
 .text.HAL_DMA_Abort_IT
                0x080021a0       0x26 Drivers/STM32F4xx_HAL_Driver/Src/stm32f4xx_hal_dma.o
                0x080021a0                HAL_DMA_Abort_IT
 *fill*         0x080021c6        0x2 
 .text.HAL_DMA_IRQHandler
                0x080021c8      0x1dc Drivers/STM32F4xx_HAL_Driver/Src/stm32f4xx_hal_dma.o
                0x080021c8                HAL_DMA_IRQHandler
 .text.HAL_GPIO_Init
                0x080023a4      0x1cc Drivers/STM32F4xx_HAL_Driver/Src/stm32f4xx_hal_gpio.o
                0x080023a4                HAL_GPIO_Init
 .text.HAL_GPIO_ReadPin
                0x08002570        0xe Drivers/STM32F4xx_HAL_Driver/Src/stm32f4xx_hal_gpio.o
                0x08002570                HAL_GPIO_ReadPin
 .text.HAL_GPIO_WritePin
                0x0800257e        0xc Drivers/STM32F4xx_HAL_Driver/Src/stm32f4xx_hal_gpio.o
                0x0800257e                HAL_GPIO_WritePin
 .text.HAL_GPIO_TogglePin
                0x0800258a        0x8 Drivers/STM32F4xx_HAL_Driver/Src/stm32f4xx_hal_gpio.o
                0x0800258a                HAL_GPIO_TogglePin
 *fill*         0x08002592        0x2 
 .text.HAL_RCC_OscConfig
                0x08002594      0x398 Drivers/STM32F4xx_HAL_Driver/Src/stm32f4xx_hal_rcc.o
                0x08002594                HAL_RCC_OscConfig
 .text.HAL_RCC_GetSysClockFreq
                0x0800292c       0xd4 Drivers/STM32F4xx_HAL_Driver/Src/stm32f4xx_hal_rcc.o
                0x0800292c                HAL_RCC_GetSysClockFreq
 .text.HAL_RCC_ClockConfig
                0x08002a00      0x158 Drivers/STM32F4xx_HAL_Driver/Src/stm32f4xx_hal_rcc.o
                0x08002a00                HAL_RCC_ClockConfig
 .text.HAL_RCC_GetHCLKFreq
                0x08002b58        0xc Drivers/STM32F4xx_HAL_Driver/Src/stm32f4xx_hal_rcc.o
                0x08002b58                HAL_RCC_GetHCLKFreq
 .text.HAL_RCC_GetPCLK1Freq
                0x08002b64       0x20 Drivers/STM32F4xx_HAL_Driver/Src/stm32f4xx_hal_rcc.o
                0x08002b64                HAL_RCC_GetPCLK1Freq
 .text.HAL_RCC_GetPCLK2Freq
                0x08002b84       0x20 Drivers/STM32F4xx_HAL_Driver/Src/stm32f4xx_hal_rcc.o
                0x08002b84                HAL_RCC_GetPCLK2Freq
 .text.HAL_RCC_GetClockConfig
                0x08002ba4       0x3c Drivers/STM32F4xx_HAL_Driver/Src/stm32f4xx_hal_rcc.o
                0x08002ba4                HAL_RCC_GetClockConfig
 .text.SD_DMATransmitCplt
                0x08002be0        0xe Drivers/STM32F4xx_HAL_Driver/Src/stm32f4xx_hal_sd.o
 .text.SD_PowerON
                0x08002bee       0xdc Drivers/STM32F4xx_HAL_Driver/Src/stm32f4xx_hal_sd.o
 .text.SD_FindSCR
                0x08002cca      0x106 Drivers/STM32F4xx_HAL_Driver/Src/stm32f4xx_hal_sd.o
 .text.SD_WideBus_Enable
                0x08002dd0       0x5a Drivers/STM32F4xx_HAL_Driver/Src/stm32f4xx_hal_sd.o
 .text.SD_WideBus_Disable
                0x08002e2a       0x5a Drivers/STM32F4xx_HAL_Driver/Src/stm32f4xx_hal_sd.o
 .text.SD_SendStatus
                0x08002e84       0x2a Drivers/STM32F4xx_HAL_Driver/Src/stm32f4xx_hal_sd.o
 *fill*         0x08002eae        0x2 
 .text.HAL_SD_ReadBlocks_DMA
                0x08002eb0      0x110 Drivers/STM32F4xx_HAL_Driver/Src/stm32f4xx_hal_sd.o
                0x08002eb0                HAL_SD_ReadBlocks_DMA
 .text.HAL_SD_WriteBlocks_DMA
                0x08002fc0      0x118 Drivers/STM32F4xx_HAL_Driver/Src/stm32f4xx_hal_sd.o
                0x08002fc0                HAL_SD_WriteBlocks_DMA
 .text.HAL_SD_ErrorCallback
                0x080030d8        0x2 Drivers/STM32F4xx_HAL_Driver/Src/stm32f4xx_hal_sd.o
                0x080030d8                HAL_SD_ErrorCallback
 .text.SD_DMAReceiveCplt
                0x080030da       0x44 Drivers/STM32F4xx_HAL_Driver/Src/stm32f4xx_hal_sd.o
 .text.HAL_SD_GetCardCSD
                0x0800311e      0x1e4 Drivers/STM32F4xx_HAL_Driver/Src/stm32f4xx_hal_sd.o
                0x0800311e                HAL_SD_GetCardCSD
 .text.SD_InitCard
                0x08003302       0xf4 Drivers/STM32F4xx_HAL_Driver/Src/stm32f4xx_hal_sd.o
 *fill*         0x080033f6        0x2 
 .text.HAL_SD_InitCard
                0x080033f8       0x78 Drivers/STM32F4xx_HAL_Driver/Src/stm32f4xx_hal_sd.o
                0x080033f8                HAL_SD_InitCard
 .text.HAL_SD_Init
                0x08003470       0x32 Drivers/STM32F4xx_HAL_Driver/Src/stm32f4xx_hal_sd.o
                0x08003470                HAL_SD_Init
 .text.HAL_SD_GetCardInfo
                0x080034a2       0x24 Drivers/STM32F4xx_HAL_Driver/Src/stm32f4xx_hal_sd.o
                0x080034a2                HAL_SD_GetCardInfo
 .text.HAL_SD_ConfigWideBusOperation
                0x080034c6       0xa0 Drivers/STM32F4xx_HAL_Driver/Src/stm32f4xx_hal_sd.o
                0x080034c6                HAL_SD_ConfigWideBusOperation
 .text.HAL_SD_GetCardState
                0x08003566       0x26 Drivers/STM32F4xx_HAL_Driver/Src/stm32f4xx_hal_sd.o
                0x08003566                HAL_SD_GetCardState
 .text.SD_DMAError
                0x0800358c       0x5a Drivers/STM32F4xx_HAL_Driver/Src/stm32f4xx_hal_sd.o
 .text.SPI_WaitFlagStateUntilTimeout
                0x080035e6       0x96 Drivers/STM32F4xx_HAL_Driver/Src/stm32f4xx_hal_spi.o
 .text.SPI_CheckFlag_BSY
                0x0800367c       0x26 Drivers/STM32F4xx_HAL_Driver/Src/stm32f4xx_hal_spi.o
 .text.HAL_SPI_Init
                0x080036a2       0x80 Drivers/STM32F4xx_HAL_Driver/Src/stm32f4xx_hal_spi.o
                0x080036a2                HAL_SPI_Init
 .text.HAL_SPI_Transmit
                0x08003722      0x1ac Drivers/STM32F4xx_HAL_Driver/Src/stm32f4xx_hal_spi.o
                0x08003722                HAL_SPI_Transmit
 .text.HAL_SPI_TransmitReceive
                0x080038ce      0x242 Drivers/STM32F4xx_HAL_Driver/Src/stm32f4xx_hal_spi.o
                0x080038ce                HAL_SPI_TransmitReceive
 .text.HAL_SPI_Receive
                0x08003b10      0x16a Drivers/STM32F4xx_HAL_Driver/Src/stm32f4xx_hal_spi.o
                0x08003b10                HAL_SPI_Receive
 .text.HAL_SPI_ErrorCallback
                0x08003c7a        0x2 Drivers/STM32F4xx_HAL_Driver/Src/stm32f4xx_hal_spi.o
                0x08003c7a                HAL_SPI_ErrorCallback
 .text.HAL_SPI_IRQHandler
                0x08003c7c      0x104 Drivers/STM32F4xx_HAL_Driver/Src/stm32f4xx_hal_spi.o
                0x08003c7c                HAL_SPI_IRQHandler
 .text.SPI_DMAAbortOnError
                0x08003d80       0x10 Drivers/STM32F4xx_HAL_Driver/Src/stm32f4xx_hal_spi.o
 .text.HAL_SRAM_Init
                0x08003d90       0x52 Drivers/STM32F4xx_HAL_Driver/Src/stm32f4xx_hal_sram.o
                0x08003d90                HAL_SRAM_Init
 .text.HAL_TIM_Base_MspInit
                0x08003de2        0x2 Drivers/STM32F4xx_HAL_Driver/Src/stm32f4xx_hal_tim.o
                0x08003de2                HAL_TIM_Base_MspInit
 .text.HAL_TIM_Base_Start_IT
                0x08003de4       0x18 Drivers/STM32F4xx_HAL_Driver/Src/stm32f4xx_hal_tim.o
                0x08003de4                HAL_TIM_Base_Start_IT
 .text.HAL_TIM_OC_DelayElapsedCallback
                0x08003dfc        0x2 Drivers/STM32F4xx_HAL_Driver/Src/stm32f4xx_hal_tim.o
                0x08003dfc                HAL_TIM_OC_DelayElapsedCallback
 .text.HAL_TIM_IC_CaptureCallback
                0x08003dfe        0x2 Drivers/STM32F4xx_HAL_Driver/Src/stm32f4xx_hal_tim.o
                0x08003dfe                HAL_TIM_IC_CaptureCallback
 .text.HAL_TIM_PWM_PulseFinishedCallback
                0x08003e00        0x2 Drivers/STM32F4xx_HAL_Driver/Src/stm32f4xx_hal_tim.o
                0x08003e00                HAL_TIM_PWM_PulseFinishedCallback
 .text.HAL_TIM_TriggerCallback
                0x08003e02        0x2 Drivers/STM32F4xx_HAL_Driver/Src/stm32f4xx_hal_tim.o
                0x08003e02                HAL_TIM_TriggerCallback
 .text.HAL_TIM_IRQHandler
                0x08003e04      0x17a Drivers/STM32F4xx_HAL_Driver/Src/stm32f4xx_hal_tim.o
                0x08003e04                HAL_TIM_IRQHandler
 *fill*         0x08003f7e        0x2 
 .text.TIM_Base_SetConfig
                0x08003f80      0x11c Drivers/STM32F4xx_HAL_Driver/Src/stm32f4xx_hal_tim.o
                0x08003f80                TIM_Base_SetConfig
 .text.HAL_TIM_Base_Init
                0x0800409c       0x32 Drivers/STM32F4xx_HAL_Driver/Src/stm32f4xx_hal_tim.o
                0x0800409c                HAL_TIM_Base_Init
 .text.HAL_TIMEx_CommutationCallback
                0x080040ce        0x2 Drivers/STM32F4xx_HAL_Driver/Src/stm32f4xx_hal_tim_ex.o
                0x080040ce                HAL_TIMEx_CommutationCallback
 .text.HAL_TIMEx_BreakCallback
                0x080040d0        0x2 Drivers/STM32F4xx_HAL_Driver/Src/stm32f4xx_hal_tim_ex.o
                0x080040d0                HAL_TIMEx_BreakCallback
 .text.UART_EndRxTransfer
                0x080040d2       0x1c Drivers/STM32F4xx_HAL_Driver/Src/stm32f4xx_hal_uart.o
 .text.UART_Transmit_IT
                0x080040ee       0x6a Drivers/STM32F4xx_HAL_Driver/Src/stm32f4xx_hal_uart.o
 .text.UART_SetConfig
                0x08004158      0x344 Drivers/STM32F4xx_HAL_Driver/Src/stm32f4xx_hal_uart.o
 .text.HAL_UART_Init
                0x0800449c       0x5e Drivers/STM32F4xx_HAL_Driver/Src/stm32f4xx_hal_uart.o
                0x0800449c                HAL_UART_Init
 .text.HAL_UART_Transmit_IT
                0x080044fa       0x48 Drivers/STM32F4xx_HAL_Driver/Src/stm32f4xx_hal_uart.o
                0x080044fa                HAL_UART_Transmit_IT
 .text.HAL_UART_Receive_IT
                0x08004542       0x52 Drivers/STM32F4xx_HAL_Driver/Src/stm32f4xx_hal_uart.o
                0x08004542                HAL_UART_Receive_IT
 .text.UART_EndTransmit_IT
                0x08004594       0x1a Drivers/STM32F4xx_HAL_Driver/Src/stm32f4xx_hal_uart.o
 .text.UART_Receive_IT
                0x080045ae       0x94 Drivers/STM32F4xx_HAL_Driver/Src/stm32f4xx_hal_uart.o
 .text.HAL_UART_ErrorCallback
                0x08004642        0x2 Drivers/STM32F4xx_HAL_Driver/Src/stm32f4xx_hal_uart.o
                0x08004642                HAL_UART_ErrorCallback
 .text.HAL_UART_IRQHandler
                0x08004644      0x120 Drivers/STM32F4xx_HAL_Driver/Src/stm32f4xx_hal_uart.o
                0x08004644                HAL_UART_IRQHandler
 .text.UART_DMAAbortOnError
                0x08004764       0x10 Drivers/STM32F4xx_HAL_Driver/Src/stm32f4xx_hal_uart.o
 .text.FSMC_NORSRAM_Init
                0x08004774       0x58 Drivers/STM32F4xx_HAL_Driver/Src/stm32f4xx_ll_fsmc.o
                0x08004774                FSMC_NORSRAM_Init
 .text.FSMC_NORSRAM_Timing_Init
                0x080047cc       0x40 Drivers/STM32F4xx_HAL_Driver/Src/stm32f4xx_ll_fsmc.o
                0x080047cc                FSMC_NORSRAM_Timing_Init
 .text.FSMC_NORSRAM_Extended_Timing_Init
                0x0800480c       0x44 Drivers/STM32F4xx_HAL_Driver/Src/stm32f4xx_ll_fsmc.o
                0x0800480c                FSMC_NORSRAM_Extended_Timing_Init
 .text.SDMMC_GetCmdError
                0x08004850       0x3c Drivers/STM32F4xx_HAL_Driver/Src/stm32f4xx_ll_sdmmc.o
 .text.SDMMC_GetCmdResp2
                0x0800488c       0x5c Drivers/STM32F4xx_HAL_Driver/Src/stm32f4xx_ll_sdmmc.o
 .text.SDMMC_GetCmdResp3
                0x080048e8       0x4c Drivers/STM32F4xx_HAL_Driver/Src/stm32f4xx_ll_sdmmc.o
 .text.SDMMC_GetCmdResp7
                0x08004934       0x54 Drivers/STM32F4xx_HAL_Driver/Src/stm32f4xx_ll_sdmmc.o
 .text.SDIO_Init
                0x08004988       0x38 Drivers/STM32F4xx_HAL_Driver/Src/stm32f4xx_ll_sdmmc.o
                0x08004988                SDIO_Init
 .text.SDIO_ReadFIFO
                0x080049c0        0x6 Drivers/STM32F4xx_HAL_Driver/Src/stm32f4xx_ll_sdmmc.o
                0x080049c0                SDIO_ReadFIFO
 .text.SDIO_PowerState_ON
                0x080049c6        0x8 Drivers/STM32F4xx_HAL_Driver/Src/stm32f4xx_ll_sdmmc.o
                0x080049c6                SDIO_PowerState_ON
 .text.SDIO_GetPowerState
                0x080049ce        0x8 Drivers/STM32F4xx_HAL_Driver/Src/stm32f4xx_ll_sdmmc.o
                0x080049ce                SDIO_GetPowerState
 .text.SDIO_SendCommand
                0x080049d6       0x24 Drivers/STM32F4xx_HAL_Driver/Src/stm32f4xx_ll_sdmmc.o
                0x080049d6                SDIO_SendCommand
 .text.SDIO_GetCommandResponse
                0x080049fa        0x6 Drivers/STM32F4xx_HAL_Driver/Src/stm32f4xx_ll_sdmmc.o
                0x080049fa                SDIO_GetCommandResponse
 .text.SDIO_GetResponse
                0x08004a00       0x14 Drivers/STM32F4xx_HAL_Driver/Src/stm32f4xx_ll_sdmmc.o
                0x08004a00                SDIO_GetResponse
 .text.SDMMC_GetCmdResp1
                0x08004a14      0x158 Drivers/STM32F4xx_HAL_Driver/Src/stm32f4xx_ll_sdmmc.o
 .text.SDMMC_GetCmdResp6
                0x08004b6c       0xa0 Drivers/STM32F4xx_HAL_Driver/Src/stm32f4xx_ll_sdmmc.o
 .text.SDIO_ConfigData
                0x08004c0c       0x24 Drivers/STM32F4xx_HAL_Driver/Src/stm32f4xx_ll_sdmmc.o
                0x08004c0c                SDIO_ConfigData
 .text.SDMMC_CmdBlockLength
                0x08004c30       0x30 Drivers/STM32F4xx_HAL_Driver/Src/stm32f4xx_ll_sdmmc.o
                0x08004c30                SDMMC_CmdBlockLength
 .text.SDMMC_CmdReadSingleBlock
                0x08004c60       0x30 Drivers/STM32F4xx_HAL_Driver/Src/stm32f4xx_ll_sdmmc.o
                0x08004c60                SDMMC_CmdReadSingleBlock
 .text.SDMMC_CmdReadMultiBlock
                0x08004c90       0x30 Drivers/STM32F4xx_HAL_Driver/Src/stm32f4xx_ll_sdmmc.o
                0x08004c90                SDMMC_CmdReadMultiBlock
 .text.SDMMC_CmdWriteSingleBlock
                0x08004cc0       0x30 Drivers/STM32F4xx_HAL_Driver/Src/stm32f4xx_ll_sdmmc.o
                0x08004cc0                SDMMC_CmdWriteSingleBlock
 .text.SDMMC_CmdWriteMultiBlock
                0x08004cf0       0x30 Drivers/STM32F4xx_HAL_Driver/Src/stm32f4xx_ll_sdmmc.o
                0x08004cf0                SDMMC_CmdWriteMultiBlock
 .text.SDMMC_CmdStopTransfer
                0x08004d20       0x34 Drivers/STM32F4xx_HAL_Driver/Src/stm32f4xx_ll_sdmmc.o
                0x08004d20                SDMMC_CmdStopTransfer
 .text.SDMMC_CmdSelDesel
                0x08004d54       0x30 Drivers/STM32F4xx_HAL_Driver/Src/stm32f4xx_ll_sdmmc.o
                0x08004d54                SDMMC_CmdSelDesel
 .text.SDMMC_CmdGoIdleState
                0x08004d84       0x26 Drivers/STM32F4xx_HAL_Driver/Src/stm32f4xx_ll_sdmmc.o
                0x08004d84                SDMMC_CmdGoIdleState
 .text.SDMMC_CmdOperCond
                0x08004daa       0x2e Drivers/STM32F4xx_HAL_Driver/Src/stm32f4xx_ll_sdmmc.o
                0x08004daa                SDMMC_CmdOperCond
 .text.SDMMC_CmdAppCommand
                0x08004dd8       0x30 Drivers/STM32F4xx_HAL_Driver/Src/stm32f4xx_ll_sdmmc.o
                0x08004dd8                SDMMC_CmdAppCommand
 .text.SDMMC_CmdAppOperCommand
                0x08004e08       0x32 Drivers/STM32F4xx_HAL_Driver/Src/stm32f4xx_ll_sdmmc.o
                0x08004e08                SDMMC_CmdAppOperCommand
 .text.SDMMC_CmdBusWidth
                0x08004e3a       0x30 Drivers/STM32F4xx_HAL_Driver/Src/stm32f4xx_ll_sdmmc.o
                0x08004e3a                SDMMC_CmdBusWidth
 .text.SDMMC_CmdSendSCR
                0x08004e6a       0x30 Drivers/STM32F4xx_HAL_Driver/Src/stm32f4xx_ll_sdmmc.o
                0x08004e6a                SDMMC_CmdSendSCR
 .text.SDMMC_CmdSendCID
                0x08004e9a       0x2a Drivers/STM32F4xx_HAL_Driver/Src/stm32f4xx_ll_sdmmc.o
                0x08004e9a                SDMMC_CmdSendCID
 .text.SDMMC_CmdSendCSD
                0x08004ec4       0x2a Drivers/STM32F4xx_HAL_Driver/Src/stm32f4xx_ll_sdmmc.o
                0x08004ec4                SDMMC_CmdSendCSD
 .text.SDMMC_CmdSetRelAdd
                0x08004eee       0x30 Drivers/STM32F4xx_HAL_Driver/Src/stm32f4xx_ll_sdmmc.o
                0x08004eee                SDMMC_CmdSetRelAdd
 .text.SDMMC_CmdSendStatus
                0x08004f1e       0x30 Drivers/STM32F4xx_HAL_Driver/Src/stm32f4xx_ll_sdmmc.o
                0x08004f1e                SDMMC_CmdSendStatus
 *fill*         0x08004f4e        0x2 
 .text.disk_status
                0x08004f50       0x18 Middlewares/Third_Party/FatFs/src/diskio.o
                0x08004f50                disk_status
 .text.disk_initialize
                0x08004f68       0x28 Middlewares/Third_Party/FatFs/src/diskio.o
                0x08004f68                disk_initialize
 .text.disk_read
                0x08004f90       0x18 Middlewares/Third_Party/FatFs/src/diskio.o
                0x08004f90                disk_read
 .text.disk_write
                0x08004fa8       0x18 Middlewares/Third_Party/FatFs/src/diskio.o
                0x08004fa8                disk_write
 .text.disk_ioctl
                0x08004fc0       0x18 Middlewares/Third_Party/FatFs/src/diskio.o
                0x08004fc0                disk_ioctl
 .text.ld_word  0x08004fd8        0xa Middlewares/Third_Party/FatFs/src/ff.o
 .text.ld_dword
                0x08004fe2       0x16 Middlewares/Third_Party/FatFs/src/ff.o
 .text.st_word  0x08004ff8        0x8 Middlewares/Third_Party/FatFs/src/ff.o
 .text.st_dword
                0x08005000       0x14 Middlewares/Third_Party/FatFs/src/ff.o
 .text.mem_cpy  0x08005014       0x12 Middlewares/Third_Party/FatFs/src/ff.o
 .text.mem_set  0x08005026        0xa Middlewares/Third_Party/FatFs/src/ff.o
 .text.mem_cmp  0x08005030       0x1e Middlewares/Third_Party/FatFs/src/ff.o
 .text.chk_chr  0x0800504e       0x10 Middlewares/Third_Party/FatFs/src/ff.o
 *fill*         0x0800505e        0x2 
 .text.chk_lock
                0x08005060       0x74 Middlewares/Third_Party/FatFs/src/ff.o
 .text.enq_lock
                0x080050d4       0x20 Middlewares/Third_Party/FatFs/src/ff.o
 .text.inc_lock
                0x080050f4       0xa4 Middlewares/Third_Party/FatFs/src/ff.o
 .text.dec_lock
                0x08005198       0x40 Middlewares/Third_Party/FatFs/src/ff.o
 .text.clear_lock
                0x080051d8       0x3c Middlewares/Third_Party/FatFs/src/ff.o
 .text.clust2sect
                0x08005214       0x18 Middlewares/Third_Party/FatFs/src/ff.o
 .text.clmt_clust
                0x0800522c       0x22 Middlewares/Third_Party/FatFs/src/ff.o
 .text.ld_clust
                0x0800524e       0x26 Middlewares/Third_Party/FatFs/src/ff.o
 .text.st_clust
                0x08005274       0x26 Middlewares/Third_Party/FatFs/src/ff.o
 *fill*         0x0800529a        0x2 
 .text.create_name
                0x0800529c       0xd4 Middlewares/Third_Party/FatFs/src/ff.o
 .text.get_ldnumber
                0x08005370       0x54 Middlewares/Third_Party/FatFs/src/ff.o
 .text.lock_fs  0x080053c4       0x1a Middlewares/Third_Party/FatFs/src/ff.o
 .text.validate
                0x080053de       0x40 Middlewares/Third_Party/FatFs/src/ff.o
 .text.sync_window
                0x0800541e       0x54 Middlewares/Third_Party/FatFs/src/ff.o
 .text.move_window
                0x08005472       0x36 Middlewares/Third_Party/FatFs/src/ff.o
 .text.check_fs
                0x080054a8       0x7c Middlewares/Third_Party/FatFs/src/ff.o
 .text.find_volume
                0x08005524      0x2e0 Middlewares/Third_Party/FatFs/src/ff.o
 .text.put_fat  0x08005804      0x10a Middlewares/Third_Party/FatFs/src/ff.o
 .text.get_fat  0x0800590e       0xce Middlewares/Third_Party/FatFs/src/ff.o
 .text.dir_sdi  0x080059dc       0xb0 Middlewares/Third_Party/FatFs/src/ff.o
 .text.create_chain
                0x08005a8c       0xc4 Middlewares/Third_Party/FatFs/src/ff.o
 .text.remove_chain
                0x08005b50       0x7e Middlewares/Third_Party/FatFs/src/ff.o
 .text.dir_next
                0x08005bce      0x11e Middlewares/Third_Party/FatFs/src/ff.o
 .text.dir_find
                0x08005cec       0x5a Middlewares/Third_Party/FatFs/src/ff.o
 .text.follow_path
                0x08005d46       0x8c Middlewares/Third_Party/FatFs/src/ff.o
 .text.dir_alloc
                0x08005dd2       0x50 Middlewares/Third_Party/FatFs/src/ff.o
 .text.dir_register
                0x08005e22       0x3e Middlewares/Third_Party/FatFs/src/ff.o
 .text.unlock_fs
                0x08005e60       0x1a Middlewares/Third_Party/FatFs/src/ff.o
 *fill*         0x08005e7a        0x2 
 .text.sync_fs  0x08005e7c       0x8c Middlewares/Third_Party/FatFs/src/ff.o
 .text.f_mount  0x08005f08       0x8c Middlewares/Third_Party/FatFs/src/ff.o
                0x08005f08                f_mount
 .text.f_open   0x08005f94      0x236 Middlewares/Third_Party/FatFs/src/ff.o
                0x08005f94                f_open
 .text.f_read   0x080061ca      0x1d6 Middlewares/Third_Party/FatFs/src/ff.o
                0x080061ca                f_read
 .text.f_sync   0x080063a0       0xb0 Middlewares/Third_Party/FatFs/src/ff.o
                0x080063a0                f_sync
 .text.f_close  0x08006450       0x3a Middlewares/Third_Party/FatFs/src/ff.o
                0x08006450                f_close
 *fill*         0x0800648a        0x2 
 .text.FATFS_LinkDriverEx
                0x0800648c       0x48 Middlewares/Third_Party/FatFs/src/ff_gen_drv.o
                0x0800648c                FATFS_LinkDriverEx
 .text.FATFS_LinkDriver
                0x080064d4        0xa Middlewares/Third_Party/FatFs/src/ff_gen_drv.o
                0x080064d4                FATFS_LinkDriver
 .text.ff_cre_syncobj
                0x080064de       0x20 Middlewares/Third_Party/FatFs/src/option/syscall.o
                0x080064de                ff_cre_syncobj
 .text.ff_del_syncobj
                0x080064fe        0xa Middlewares/Third_Party/FatFs/src/option/syscall.o
                0x080064fe                ff_del_syncobj
 .text.ff_req_grant
                0x08006508       0x14 Middlewares/Third_Party/FatFs/src/option/syscall.o
                0x08006508                ff_req_grant
 .text.ff_rel_grant
                0x0800651c        0x8 Middlewares/Third_Party/FatFs/src/option/syscall.o
                0x0800651c                ff_rel_grant
 .text.makeFreeRtosPriority
                0x08006524        0xc Middlewares/Third_Party/FreeRTOS/Source/CMSIS_RTOS/cmsis_os.o
 .text.inHandlerMode
                0x08006530        0xc Middlewares/Third_Party/FreeRTOS/Source/CMSIS_RTOS/cmsis_os.o
 .text.osKernelStart
                0x0800653c        0xa Middlewares/Third_Party/FreeRTOS/Source/CMSIS_RTOS/cmsis_os.o
                0x0800653c                osKernelStart
 .text.osKernelRunning
                0x08006546       0x12 Middlewares/Third_Party/FreeRTOS/Source/CMSIS_RTOS/cmsis_os.o
                0x08006546                osKernelRunning
 .text.osKernelSysTick
                0x08006558       0x14 Middlewares/Third_Party/FreeRTOS/Source/CMSIS_RTOS/cmsis_os.o
                0x08006558                osKernelSysTick
 .text.osThreadCreate
                0x0800656c       0x34 Middlewares/Third_Party/FreeRTOS/Source/CMSIS_RTOS/cmsis_os.o
                0x0800656c                osThreadCreate
 .text.osThreadYield
                0x080065a0       0x18 Middlewares/Third_Party/FreeRTOS/Source/CMSIS_RTOS/cmsis_os.o
                0x080065a0                osThreadYield
 .text.osDelay  0x080065b8       0x12 Middlewares/Third_Party/FreeRTOS/Source/CMSIS_RTOS/cmsis_os.o
                0x080065b8                osDelay
 *fill*         0x080065ca        0x2 
 .text.osTimerCreate
                0x080065cc       0x28 Middlewares/Third_Party/FreeRTOS/Source/CMSIS_RTOS/cmsis_os.o
                0x080065cc                osTimerCreate
 .text.osTimerStart
                0x080065f4       0x6c Middlewares/Third_Party/FreeRTOS/Source/CMSIS_RTOS/cmsis_os.o
                0x080065f4                osTimerStart
 .text.osSignalSet
                0x08006660       0x64 Middlewares/Third_Party/FreeRTOS/Source/CMSIS_RTOS/cmsis_os.o
                0x08006660                osSignalSet
 .text.osSignalWait
                0x080066c4       0x68 Middlewares/Third_Party/FreeRTOS/Source/CMSIS_RTOS/cmsis_os.o
                0x080066c4                osSignalWait
 .text.osMutexCreate
                0x0800672c        0xa Middlewares/Third_Party/FreeRTOS/Source/CMSIS_RTOS/cmsis_os.o
                0x0800672c                osMutexCreate
 *fill*         0x08006736        0x2 
 .text.osMutexWait
                0x08006738       0x74 Middlewares/Third_Party/FreeRTOS/Source/CMSIS_RTOS/cmsis_os.o
                0x08006738                osMutexWait
 .text.osMutexRelease
                0x080067ac       0x5c Middlewares/Third_Party/FreeRTOS/Source/CMSIS_RTOS/cmsis_os.o
                0x080067ac                osMutexRelease
 .text.osSemaphoreCreate
                0x08006808       0x2c Middlewares/Third_Party/FreeRTOS/Source/CMSIS_RTOS/cmsis_os.o
                0x08006808                osSemaphoreCreate
 .text.osSemaphoreWait
                0x08006834       0x74 Middlewares/Third_Party/FreeRTOS/Source/CMSIS_RTOS/cmsis_os.o
                0x08006834                osSemaphoreWait
 .text.osSemaphoreRelease
                0x080068a8       0x5c Middlewares/Third_Party/FreeRTOS/Source/CMSIS_RTOS/cmsis_os.o
                0x080068a8                osSemaphoreRelease
 .text.osSemaphoreDelete
                0x08006904       0x18 Middlewares/Third_Party/FreeRTOS/Source/CMSIS_RTOS/cmsis_os.o
                0x08006904                osSemaphoreDelete
 .text.osMessageCreate
                0x0800691c        0xe Middlewares/Third_Party/FreeRTOS/Source/CMSIS_RTOS/cmsis_os.o
                0x0800691c                osMessageCreate
 *fill*         0x0800692a        0x2 
 .text.osMessagePut
                0x0800692c       0x68 Middlewares/Third_Party/FreeRTOS/Source/CMSIS_RTOS/cmsis_os.o
                0x0800692c                osMessagePut
 .text.osMessageGet
                0x08006994       0xa0 Middlewares/Third_Party/FreeRTOS/Source/CMSIS_RTOS/cmsis_os.o
                0x08006994                osMessageGet
 .text.osSystickHandler
                0x08006a34       0x10 Middlewares/Third_Party/FreeRTOS/Source/CMSIS_RTOS/cmsis_os.o
                0x08006a34                osSystickHandler
 .text.vListInitialise
                0x08006a44       0x16 Middlewares/Third_Party/FreeRTOS/Source/list.o
                0x08006a44                vListInitialise
 .text.vListInitialiseItem
                0x08006a5a        0x6 Middlewares/Third_Party/FreeRTOS/Source/list.o
                0x08006a5a                vListInitialiseItem
 .text.vListInsertEnd
                0x08006a60       0x18 Middlewares/Third_Party/FreeRTOS/Source/list.o
                0x08006a60                vListInsertEnd
 .text.vListInsert
                0x08006a78       0x34 Middlewares/Third_Party/FreeRTOS/Source/list.o
                0x08006a78                vListInsert
 .text.uxListRemove
                0x08006aac       0x26 Middlewares/Third_Party/FreeRTOS/Source/list.o
                0x08006aac                uxListRemove
 .text.prvIsQueueFull
                0x08006ad2       0x1e Middlewares/Third_Party/FreeRTOS/Source/queue.o
 .text.prvIsQueueEmpty
                0x08006af0       0x1a Middlewares/Third_Party/FreeRTOS/Source/queue.o
 .text.prvCopyDataToQueue
                0x08006b0a       0x76 Middlewares/Third_Party/FreeRTOS/Source/queue.o
 .text.prvCopyDataFromQueue
                0x08006b80       0x24 Middlewares/Third_Party/FreeRTOS/Source/queue.o
 .text.prvUnlockQueue
                0x08006ba4       0x6e Middlewares/Third_Party/FreeRTOS/Source/queue.o
 *fill*         0x08006c12        0x2 
 .text.xQueueGenericReset
                0x08006c14       0x80 Middlewares/Third_Party/FreeRTOS/Source/queue.o
                0x08006c14                xQueueGenericReset
 .text.prvInitialiseNewQueue
                0x08006c94       0x1c Middlewares/Third_Party/FreeRTOS/Source/queue.o
 .text.xQueueGenericCreate
                0x08006cb0       0x48 Middlewares/Third_Party/FreeRTOS/Source/queue.o
                0x08006cb0                xQueueGenericCreate
 .text.xQueueCreateCountingSemaphore
                0x08006cf8       0x40 Middlewares/Third_Party/FreeRTOS/Source/queue.o
                0x08006cf8                xQueueCreateCountingSemaphore
 .text.xQueueGenericSend
                0x08006d38      0x188 Middlewares/Third_Party/FreeRTOS/Source/queue.o
                0x08006d38                xQueueGenericSend
 .text.prvInitialiseMutex
                0x08006ec0       0x18 Middlewares/Third_Party/FreeRTOS/Source/queue.o
 .text.xQueueCreateMutex
                0x08006ed8       0x16 Middlewares/Third_Party/FreeRTOS/Source/queue.o
                0x08006ed8                xQueueCreateMutex
 .text.xQueueGenericSendFromISR
                0x08006eee       0xde Middlewares/Third_Party/FreeRTOS/Source/queue.o
                0x08006eee                xQueueGenericSendFromISR
 .text.xQueueGiveFromISR
                0x08006fcc       0xbc Middlewares/Third_Party/FreeRTOS/Source/queue.o
                0x08006fcc                xQueueGiveFromISR
 .text.xQueueGenericReceive
                0x08007088      0x1b0 Middlewares/Third_Party/FreeRTOS/Source/queue.o
                0x08007088                xQueueGenericReceive
 .text.xQueueReceiveFromISR
                0x08007238       0xb6 Middlewares/Third_Party/FreeRTOS/Source/queue.o
                0x08007238                xQueueReceiveFromISR
 *fill*         0x080072ee        0x2 
 .text.vQueueAddToRegistry
                0x080072f0       0x28 Middlewares/Third_Party/FreeRTOS/Source/queue.o
                0x080072f0                vQueueAddToRegistry
 .text.vQueueUnregisterQueue
                0x08007318       0x2c Middlewares/Third_Party/FreeRTOS/Source/queue.o
                0x08007318                vQueueUnregisterQueue
 .text.vQueueDelete
                0x08007344       0x24 Middlewares/Third_Party/FreeRTOS/Source/queue.o
                0x08007344                vQueueDelete
 .text.vQueueWaitForMessageRestricted
                0x08007368       0x52 Middlewares/Third_Party/FreeRTOS/Source/queue.o
                0x08007368                vQueueWaitForMessageRestricted
 *fill*         0x080073ba        0x2 
 .text.prvResetNextTaskUnblockTime
                0x080073bc       0x2c Middlewares/Third_Party/FreeRTOS/Source/tasks.o
 .text.prvDeleteTCB
                0x080073e8       0x12 Middlewares/Third_Party/FreeRTOS/Source/tasks.o
 .text.prvInitialiseNewTask
                0x080073fa       0x80 Middlewares/Third_Party/FreeRTOS/Source/tasks.o
 *fill*         0x0800747a        0x2 
 .text.prvInitialiseTaskLists
                0x0800747c       0x58 Middlewares/Third_Party/FreeRTOS/Source/tasks.o
 .text.prvAddNewTaskToReadyList
                0x080074d4       0xac Middlewares/Third_Party/FreeRTOS/Source/tasks.o
 .text.prvAddCurrentTaskToDelayedList
                0x08007580       0x88 Middlewares/Third_Party/FreeRTOS/Source/tasks.o
 .text.xTaskCreate
                0x08007608       0x62 Middlewares/Third_Party/FreeRTOS/Source/tasks.o
                0x08007608                xTaskCreate
 *fill*         0x0800766a        0x2 
 .text.vTaskStartScheduler
                0x0800766c       0x7c Middlewares/Third_Party/FreeRTOS/Source/tasks.o
                0x0800766c                vTaskStartScheduler
 .text.vTaskSuspendAll
                0x080076e8       0x14 Middlewares/Third_Party/FreeRTOS/Source/tasks.o
                0x080076e8                vTaskSuspendAll
 .text.xTaskGetTickCount
                0x080076fc        0xc Middlewares/Third_Party/FreeRTOS/Source/tasks.o
                0x080076fc                xTaskGetTickCount
 .text.xTaskGetTickCountFromISR
                0x08007708       0x14 Middlewares/Third_Party/FreeRTOS/Source/tasks.o
                0x08007708                xTaskGetTickCountFromISR
 .text.xTaskIncrementTick
                0x0800771c      0x114 Middlewares/Third_Party/FreeRTOS/Source/tasks.o
                0x0800771c                xTaskIncrementTick
 .text.xTaskResumeAll
                0x08007830       0xf4 Middlewares/Third_Party/FreeRTOS/Source/tasks.o
                0x08007830                xTaskResumeAll
 .text.vTaskDelay
                0x08007924       0x50 Middlewares/Third_Party/FreeRTOS/Source/tasks.o
                0x08007924                vTaskDelay
 .text.prvCheckTasksWaitingTermination
                0x08007974       0x54 Middlewares/Third_Party/FreeRTOS/Source/tasks.o
 .text.prvIdleTask
                0x080079c8       0x28 Middlewares/Third_Party/FreeRTOS/Source/tasks.o
 .text.vTaskSwitchContext
                0x080079f0       0x90 Middlewares/Third_Party/FreeRTOS/Source/tasks.o
                0x080079f0                vTaskSwitchContext
 .text.vTaskPlaceOnEventList
                0x08007a80       0x34 Middlewares/Third_Party/FreeRTOS/Source/tasks.o
                0x08007a80                vTaskPlaceOnEventList
 .text.vTaskPlaceOnEventListRestricted
                0x08007ab4       0x3c Middlewares/Third_Party/FreeRTOS/Source/tasks.o
                0x08007ab4                vTaskPlaceOnEventListRestricted
 .text.xTaskRemoveFromEventList
                0x08007af0       0x84 Middlewares/Third_Party/FreeRTOS/Source/tasks.o
                0x08007af0                xTaskRemoveFromEventList
 .text.vTaskSetTimeOutState
                0x08007b74       0x28 Middlewares/Third_Party/FreeRTOS/Source/tasks.o
                0x08007b74                vTaskSetTimeOutState
 .text.xTaskCheckForTimeOut
                0x08007b9c       0x80 Middlewares/Third_Party/FreeRTOS/Source/tasks.o
                0x08007b9c                xTaskCheckForTimeOut
 .text.vTaskMissedYield
                0x08007c1c       0x10 Middlewares/Third_Party/FreeRTOS/Source/tasks.o
                0x08007c1c                vTaskMissedYield
 .text.xTaskGetSchedulerState
                0x08007c2c       0x20 Middlewares/Third_Party/FreeRTOS/Source/tasks.o
                0x08007c2c                xTaskGetSchedulerState
 .text.vTaskPriorityInherit
                0x08007c4c       0xb0 Middlewares/Third_Party/FreeRTOS/Source/tasks.o
                0x08007c4c                vTaskPriorityInherit
 .text.xTaskPriorityDisinherit
                0x08007cfc       0xb8 Middlewares/Third_Party/FreeRTOS/Source/tasks.o
                0x08007cfc                xTaskPriorityDisinherit
 .text.pvTaskIncrementMutexHeldCount
                0x08007db4       0x20 Middlewares/Third_Party/FreeRTOS/Source/tasks.o
                0x08007db4                pvTaskIncrementMutexHeldCount
 .text.xTaskNotifyWait
                0x08007dd4       0xa8 Middlewares/Third_Party/FreeRTOS/Source/tasks.o
                0x08007dd4                xTaskNotifyWait
 .text.xTaskGenericNotify
                0x08007e7c       0xe0 Middlewares/Third_Party/FreeRTOS/Source/tasks.o
                0x08007e7c                xTaskGenericNotify
 .text.xTaskGenericNotifyFromISR
                0x08007f5c      0x114 Middlewares/Third_Party/FreeRTOS/Source/tasks.o
                0x08007f5c                xTaskGenericNotifyFromISR
 .text.prvGetNextExpireTime
                0x08008070       0x20 Middlewares/Third_Party/FreeRTOS/Source/timers.o
 .text.prvInsertTimerInActiveList
                0x08008090       0x44 Middlewares/Third_Party/FreeRTOS/Source/timers.o
 .text.prvCheckForValidListAndQueue
                0x080080d4       0x4c Middlewares/Third_Party/FreeRTOS/Source/timers.o
 .text.prvInitialiseNewTimer
                0x08008120       0x40 Middlewares/Third_Party/FreeRTOS/Source/timers.o
 .text.xTimerCreateTimerTask
                0x08008160       0x54 Middlewares/Third_Party/FreeRTOS/Source/timers.o
                0x08008160                xTimerCreateTimerTask
 .text.xTimerCreate
                0x080081b4       0x32 Middlewares/Third_Party/FreeRTOS/Source/timers.o
                0x080081b4                xTimerCreate
 *fill*         0x080081e6        0x2 
 .text.xTimerGenericCommand
                0x080081e8       0x6c Middlewares/Third_Party/FreeRTOS/Source/timers.o
                0x080081e8                xTimerGenericCommand
 .text.prvSwitchTimerLists
                0x08008254       0x88 Middlewares/Third_Party/FreeRTOS/Source/timers.o
 .text.prvSampleTimeNow
                0x080082dc       0x2c Middlewares/Third_Party/FreeRTOS/Source/timers.o
 .text.prvProcessExpiredTimer
                0x08008308       0x60 Middlewares/Third_Party/FreeRTOS/Source/timers.o
 .text.prvProcessTimerOrBlockTask
                0x08008368       0x70 Middlewares/Third_Party/FreeRTOS/Source/timers.o
 .text.prvProcessReceivedCommands
                0x080083d8       0xe4 Middlewares/Third_Party/FreeRTOS/Source/timers.o
 .text.prvTimerTask
                0x080084bc       0x16 Middlewares/Third_Party/FreeRTOS/Source/timers.o
 *fill*         0x080084d2        0x2 
 .text.prvTaskExitError
                0x080084d4       0x34 Middlewares/Third_Party/FreeRTOS/Source/portable/GCC/ARM_CM4F/port.o
 .text.prvPortStartFirstTask
                0x08008508       0x20 Middlewares/Third_Party/FreeRTOS/Source/portable/GCC/ARM_CM4F/port.o
 .text.vPortEnableVFP
                0x08008528       0x14 Middlewares/Third_Party/FreeRTOS/Source/portable/GCC/ARM_CM4F/port.o
 .text.pxPortInitialiseStack
                0x0800853c       0x2c Middlewares/Third_Party/FreeRTOS/Source/portable/GCC/ARM_CM4F/port.o
                0x0800853c                pxPortInitialiseStack
 *fill*         0x08008568        0x8 
 .text.SVC_Handler
                0x08008570       0x24 Middlewares/Third_Party/FreeRTOS/Source/portable/GCC/ARM_CM4F/port.o
                0x08008570                SVC_Handler
 .text.vPortEnterCritical
                0x08008594       0x44 Middlewares/Third_Party/FreeRTOS/Source/portable/GCC/ARM_CM4F/port.o
                0x08008594                vPortEnterCritical
 .text.vPortExitCritical
                0x080085d8       0x2c Middlewares/Third_Party/FreeRTOS/Source/portable/GCC/ARM_CM4F/port.o
                0x080085d8                vPortExitCritical
 *fill*         0x08008604        0xc 
 .text.PendSV_Handler
                0x08008610       0x64 Middlewares/Third_Party/FreeRTOS/Source/portable/GCC/ARM_CM4F/port.o
                0x08008610                PendSV_Handler
 .text.xPortSysTickHandler
                0x08008674       0x2c Middlewares/Third_Party/FreeRTOS/Source/portable/GCC/ARM_CM4F/port.o
                0x08008674                xPortSysTickHandler
 .text.vPortSetupTimerInterrupt
                0x080086a0       0x2c Middlewares/Third_Party/FreeRTOS/Source/portable/GCC/ARM_CM4F/port.o
                0x080086a0                vPortSetupTimerInterrupt
 .text.xPortStartScheduler
                0x080086cc       0xe8 Middlewares/Third_Party/FreeRTOS/Source/portable/GCC/ARM_CM4F/port.o
                0x080086cc                xPortStartScheduler
 .text.vPortValidateInterruptPriority
                0x080087b4       0x58 Middlewares/Third_Party/FreeRTOS/Source/portable/GCC/ARM_CM4F/port.o
                0x080087b4                vPortValidateInterruptPriority
 .text.prvHeapInit
                0x0800880c       0x58 Middlewares/Third_Party/FreeRTOS/Source/portable/MemMang/heap_4.o
 .text.prvInsertBlockIntoFreeList
                0x08008864       0x58 Middlewares/Third_Party/FreeRTOS/Source/portable/MemMang/heap_4.o
 .text.pvPortMalloc
                0x080088bc      0x10c Middlewares/Third_Party/FreeRTOS/Source/portable/MemMang/heap_4.o
                0x080088bc                pvPortMalloc
 .text.vPortFree
                0x080089c8       0x70 Middlewares/Third_Party/FreeRTOS/Source/portable/MemMang/heap_4.o
                0x080089c8                vPortFree
 .text.BSP_TP_Init
                0x08008a38        0xe Src/Ass-03-Lib.o
                0x08008a38                BSP_TP_Init
 *fill*         0x08008a46        0x2 
 .text.BSP_TP_GetDisplayPoint
                0x08008a48       0x28 Src/Ass-03-Lib.o
                0x08008a48                BSP_TP_GetDisplayPoint
 .text.Ass_03_Task_01
                0x08008a70      0x164 Src/Ass-03-Task-01.o
                0x08008a70                Ass_03_Task_01
 .text.Ass_03_Task_02
                0x08008bd4       0x90 Src/Ass-03-Task-02.o
                0x08008bd4                Ass_03_Task_02
 .text.myReadFile
                0x08008c64       0xbc Src/Ass-03-Task-03.o
                0x08008c64                myReadFile
 .text.Ass_03_Task_03
                0x08008d20      0x16c Src/Ass-03-Task-03.o
                0x08008d20                Ass_03_Task_03
 .text.BSP_SD_ReadBlocks_DMA
                0x08008e8c       0x18 Src/bsp_driver_sd.o
                0x08008e8c                BSP_SD_ReadBlocks_DMA
 .text.BSP_SD_WriteBlocks_DMA
                0x08008ea4       0x18 Src/bsp_driver_sd.o
                0x08008ea4                BSP_SD_WriteBlocks_DMA
 .text.BSP_SD_GetCardState
                0x08008ebc       0x14 Src/bsp_driver_sd.o
                0x08008ebc                BSP_SD_GetCardState
 .text.BSP_SD_GetCardInfo
                0x08008ed0       0x10 Src/bsp_driver_sd.o
                0x08008ed0                BSP_SD_GetCardInfo
 .text.BSP_SD_IsDetected
                0x08008ee0       0x10 Src/bsp_driver_sd.o
                0x08008ee0                BSP_SD_IsDetected
 .text.BSP_SD_Init
                0x08008ef0       0x34 Src/bsp_driver_sd.o
                0x08008ef0                BSP_SD_Init
 .text.MX_DMA_Init
                0x08008f24       0x44 Src/dma.o
                0x08008f24                MX_DMA_Init
 .text.MX_FATFS_Init
                0x08008f68       0x1c Src/fatfs.o
                0x08008f68                MX_FATFS_Init
 .text.get_fattime
                0x08008f84        0x4 Src/fatfs.o
                0x08008f84                get_fattime
 .text.StartDefaultTask
                0x08008f88       0x10 Src/freertos.o
                0x08008f88                StartDefaultTask
 .text.StartTask02
                0x08008f98       0x12 Src/freertos.o
                0x08008f98                StartTask02
 .text.StartTask03
                0x08008faa       0x12 Src/freertos.o
                0x08008faa                StartTask03
 .text.Callback01
                0x08008fbc       0x14 Src/freertos.o
                0x08008fbc                Callback01
 .text.MX_FREERTOS_Init
                0x08008fd0      0x110 Src/freertos.o
                0x08008fd0                MX_FREERTOS_Init
 .text.HAL_FSMC_MspInit
                0x080090e0       0x70 Src/fsmc.o
 .text.MX_FSMC_Init
                0x08009150       0x68 Src/fsmc.o
                0x08009150                MX_FSMC_Init
 .text.HAL_SRAM_MspInit
                0x080091b8        0x8 Src/fsmc.o
                0x080091b8                HAL_SRAM_MspInit
 .text.MX_GPIO_Init
                0x080091c0      0x210 Src/gpio.o
                0x080091c0                MX_GPIO_Init
 .text.HAL_TIM_PeriodElapsedCallback
                0x080093d0       0x18 Src/main.o
                0x080093d0                HAL_TIM_PeriodElapsedCallback
 .text._Error_Handler
                0x080093e8        0x2 Src/main.o
                0x080093e8                _Error_Handler
 *fill*         0x080093ea        0x2 
 .text.SystemClock_Config
                0x080093ec       0xc4 Src/main.o
                0x080093ec                SystemClock_Config
 .text.main     0x080094b0       0x38 Src/main.o
                0x080094b0                main
 .text.SD_CheckStatus
                0x080094e8       0x24 Src/sd_diskio.o
 .text.SD_initialize
                0x0800950c       0x5c Src/sd_diskio.o
                0x0800950c                SD_initialize
 .text.SD_status
                0x08009568        0x8 Src/sd_diskio.o
                0x08009568                SD_status
 .text.SD_read  0x08009570       0x60 Src/sd_diskio.o
                0x08009570                SD_read
 .text.SD_write
                0x080095d0       0x60 Src/sd_diskio.o
                0x080095d0                SD_write
 .text.SD_ioctl
                0x08009630       0x5c Src/sd_diskio.o
                0x08009630                SD_ioctl
 .text.BSP_SD_ReadCpltCallback
                0x0800968c       0x18 Src/sd_diskio.o
                0x0800968c                BSP_SD_ReadCpltCallback
 .text.HAL_SD_RxCpltCallback
                0x080096a4        0x8 Src/sd_diskio.o
                0x080096a4                HAL_SD_RxCpltCallback
 .text.MX_SDIO_SD_Init
                0x080096ac       0x20 Src/sdio.o
                0x080096ac                MX_SDIO_SD_Init
 .text.HAL_SD_MspInit
                0x080096cc      0x138 Src/sdio.o
                0x080096cc                HAL_SD_MspInit
 .text.MX_SPI2_Init
                0x08009804       0x4c Src/spi.o
                0x08009804                MX_SPI2_Init
 .text.HAL_SPI_MspInit
                0x08009850       0x60 Src/spi.o
                0x08009850                HAL_SPI_MspInit
 .text.HAL_MspInit
                0x080098b0       0x5e Src/stm32f4xx_hal_msp.o
                0x080098b0                HAL_MspInit
 *fill*         0x0800990e        0x2 
 .text.HAL_InitTick
                0x08009910       0x7c Src/stm32f4xx_hal_timebase_TIM.o
                0x08009910                HAL_InitTick
 .text.SysTick_Handler
                0x0800998c        0x8 Src/stm32f4xx_it.o
                0x0800998c                SysTick_Handler
 .text.TIM1_UP_TIM10_IRQHandler
                0x08009994       0x10 Src/stm32f4xx_it.o
                0x08009994                TIM1_UP_TIM10_IRQHandler
 .text.SPI2_IRQHandler
                0x080099a4       0x10 Src/stm32f4xx_it.o
                0x080099a4                SPI2_IRQHandler
 .text.USART2_IRQHandler
                0x080099b4       0x10 Src/stm32f4xx_it.o
                0x080099b4                USART2_IRQHandler
 .text.DMA2_Stream3_IRQHandler
                0x080099c4       0x10 Src/stm32f4xx_it.o
                0x080099c4                DMA2_Stream3_IRQHandler
 .text.DMA2_Stream6_IRQHandler
                0x080099d4       0x10 Src/stm32f4xx_it.o
                0x080099d4                DMA2_Stream6_IRQHandler
 .text.SystemInit
                0x080099e4       0x4c Src/system_stm32f4xx.o
                0x080099e4                SystemInit
 .text.MX_USART2_UART_Init
                0x08009a30       0x3c Src/usart.o
                0x08009a30                MX_USART2_UART_Init
 .text.HAL_UART_MspInit
                0x08009a6c       0x60 Src/usart.o
                0x08009a6c                HAL_UART_MspInit
 .text._write   0x08009acc       0x8c Src/usart.o
                0x08009acc                _write
 .text.HAL_UART_TxCpltCallback
                0x08009b58       0x1c Src/usart.o
                0x08009b58                HAL_UART_TxCpltCallback
 .text._read    0x08009b74       0x50 Src/usart.o
                0x08009b74                _read
 .text.HAL_UART_RxCpltCallback
                0x08009bc4       0x10 Src/usart.o
                0x08009bc4                HAL_UART_RxCpltCallback
 .text.Reset_Handler
                0x08009bd4       0x50 startup/startup_stm32f407xx.o
                0x08009bd4                Reset_Handler
 .text.Default_Handler
                0x08009c24        0x2 startup/startup_stm32f407xx.o
                0x08009c24                RTC_Alarm_IRQHandler
                0x08009c24                HASH_RNG_IRQHandler
                0x08009c24                EXTI2_IRQHandler
                0x08009c24                TIM8_CC_IRQHandler
                0x08009c24                DebugMon_Handler
                0x08009c24                TIM1_CC_IRQHandler
                0x08009c24                DMA2_Stream5_IRQHandler
                0x08009c24                HardFault_Handler
                0x08009c24                DMA1_Stream5_IRQHandler
                0x08009c24                PVD_IRQHandler
                0x08009c24                SDIO_IRQHandler
                0x08009c24                TAMP_STAMP_IRQHandler
                0x08009c24                NMI_Handler
                0x08009c24                CAN2_RX1_IRQHandler
                0x08009c24                EXTI3_IRQHandler
                0x08009c24                TIM8_TRG_COM_TIM14_IRQHandler
                0x08009c24                TIM8_UP_TIM13_IRQHandler
                0x08009c24                I2C3_ER_IRQHandler
                0x08009c24                EXTI0_IRQHandler
                0x08009c24                I2C2_EV_IRQHandler
                0x08009c24                DMA1_Stream2_IRQHandler
                0x08009c24                CAN1_RX0_IRQHandler
                0x08009c24                FPU_IRQHandler
                0x08009c24                OTG_HS_WKUP_IRQHandler
                0x08009c24                UsageFault_Handler
                0x08009c24                CAN2_SCE_IRQHandler
                0x08009c24                DMA2_Stream2_IRQHandler
                0x08009c24                SPI1_IRQHandler
                0x08009c24                TIM6_DAC_IRQHandler
                0x08009c24                TIM1_BRK_TIM9_IRQHandler
                0x08009c24                DCMI_IRQHandler
                0x08009c24                CAN2_RX0_IRQHandler
                0x08009c24                USART6_IRQHandler
                0x08009c24                USART3_IRQHandler
                0x08009c24                CAN1_RX1_IRQHandler
                0x08009c24                UART5_IRQHandler
                0x08009c24                DMA2_Stream0_IRQHandler
                0x08009c24                TIM4_IRQHandler
                0x08009c24                I2C1_EV_IRQHandler
                0x08009c24                DMA1_Stream6_IRQHandler
                0x08009c24                DMA1_Stream1_IRQHandler
                0x08009c24                UART4_IRQHandler
                0x08009c24                TIM3_IRQHandler
                0x08009c24                RCC_IRQHandler
                0x08009c24                TIM8_BRK_TIM12_IRQHandler
                0x08009c24                Default_Handler
                0x08009c24                EXTI15_10_IRQHandler
                0x08009c24                ADC_IRQHandler
                0x08009c24                DMA1_Stream7_IRQHandler
                0x08009c24                TIM7_IRQHandler
                0x08009c24                CAN2_TX_IRQHandler
                0x08009c24                TIM5_IRQHandler
                0x08009c24                DMA2_Stream7_IRQHandler
                0x08009c24                I2C3_EV_IRQHandler
                0x08009c24                EXTI9_5_IRQHandler
                0x08009c24                RTC_WKUP_IRQHandler
                0x08009c24                ETH_WKUP_IRQHandler
                0x08009c24                OTG_HS_EP1_IN_IRQHandler
                0x08009c24                MemManage_Handler
                0x08009c24                DMA1_Stream0_IRQHandler
                0x08009c24                CAN1_TX_IRQHandler
                0x08009c24                EXTI4_IRQHandler
                0x08009c24                FSMC_IRQHandler
                0x08009c24                ETH_IRQHandler
                0x08009c24                OTG_HS_EP1_OUT_IRQHandler
                0x08009c24                WWDG_IRQHandler
                0x08009c24                TIM2_IRQHandler
                0x08009c24                OTG_FS_WKUP_IRQHandler
                0x08009c24                TIM1_TRG_COM_TIM11_IRQHandler
                0x08009c24                OTG_HS_IRQHandler
                0x08009c24                EXTI1_IRQHandler
                0x08009c24                I2C2_ER_IRQHandler
                0x08009c24                DMA2_Stream1_IRQHandler
                0x08009c24                CAN1_SCE_IRQHandler
                0x08009c24                FLASH_IRQHandler
                0x08009c24                DMA2_Stream4_IRQHandler
                0x08009c24                BusFault_Handler
                0x08009c24                USART1_IRQHandler
                0x08009c24                OTG_FS_IRQHandler
                0x08009c24                SPI3_IRQHandler
                0x08009c24                DMA1_Stream4_IRQHandler
                0x08009c24                I2C1_ER_IRQHandler
                0x08009c24                DMA1_Stream3_IRQHandler
 *fill*         0x08009c26        0x2 
 .text.__errno  0x08009c28        0xc c:/ac6/systemworkbench/plugins/fr.ac6.mcu.externaltools.arm-none.win32_1.15.0.201708311556/tools/compiler/bin/../lib/gcc/arm-none-eabi/6.3.1/../../../../arm-none-eabi/lib/thumb/v7e-m/fpv4-sp/hard\libc_nano.a(lib_a-errno.o)
                0x08009c28                __errno
 .text.fileno   0x08009c34       0x58 c:/ac6/systemworkbench/plugins/fr.ac6.mcu.externaltools.arm-none.win32_1.15.0.201708311556/tools/compiler/bin/../lib/gcc/arm-none-eabi/6.3.1/../../../../arm-none-eabi/lib/thumb/v7e-m/fpv4-sp/hard\libc_nano.a(lib_a-fileno.o)
                0x08009c34                fileno
 .text._cleanup_r
                0x08009c8c        0xc c:/ac6/systemworkbench/plugins/fr.ac6.mcu.externaltools.arm-none.win32_1.15.0.201708311556/tools/compiler/bin/../lib/gcc/arm-none-eabi/6.3.1/../../../../arm-none-eabi/lib/thumb/v7e-m/fpv4-sp/hard\libc_nano.a(lib_a-findfp.o)
                0x08009c8c                _cleanup_r
 .text.std.isra.0
                0x08009c98       0x48 c:/ac6/systemworkbench/plugins/fr.ac6.mcu.externaltools.arm-none.win32_1.15.0.201708311556/tools/compiler/bin/../lib/gcc/arm-none-eabi/6.3.1/../../../../arm-none-eabi/lib/thumb/v7e-m/fpv4-sp/hard\libc_nano.a(lib_a-findfp.o)
 .text.__sfmoreglue
                0x08009ce0       0x2c c:/ac6/systemworkbench/plugins/fr.ac6.mcu.externaltools.arm-none.win32_1.15.0.201708311556/tools/compiler/bin/../lib/gcc/arm-none-eabi/6.3.1/../../../../arm-none-eabi/lib/thumb/v7e-m/fpv4-sp/hard\libc_nano.a(lib_a-findfp.o)
                0x08009ce0                __sfmoreglue
 .text.__sinit  0x08009d0c       0x60 c:/ac6/systemworkbench/plugins/fr.ac6.mcu.externaltools.arm-none.win32_1.15.0.201708311556/tools/compiler/bin/../lib/gcc/arm-none-eabi/6.3.1/../../../../arm-none-eabi/lib/thumb/v7e-m/fpv4-sp/hard\libc_nano.a(lib_a-findfp.o)
                0x08009d0c                __sinit
 .text.__sfp    0x08009d6c       0x78 c:/ac6/systemworkbench/plugins/fr.ac6.mcu.externaltools.arm-none.win32_1.15.0.201708311556/tools/compiler/bin/../lib/gcc/arm-none-eabi/6.3.1/../../../../arm-none-eabi/lib/thumb/v7e-m/fpv4-sp/hard\libc_nano.a(lib_a-findfp.o)
                0x08009d6c                __sfp
 .text._fwalk   0x08009de4       0x38 c:/ac6/systemworkbench/plugins/fr.ac6.mcu.externaltools.arm-none.win32_1.15.0.201708311556/tools/compiler/bin/../lib/gcc/arm-none-eabi/6.3.1/../../../../arm-none-eabi/lib/thumb/v7e-m/fpv4-sp/hard\libc_nano.a(lib_a-fwalk.o)
                0x08009de4                _fwalk
 .text._fwalk_reent
                0x08009e1c       0x3c c:/ac6/systemworkbench/plugins/fr.ac6.mcu.externaltools.arm-none.win32_1.15.0.201708311556/tools/compiler/bin/../lib/gcc/arm-none-eabi/6.3.1/../../../../arm-none-eabi/lib/thumb/v7e-m/fpv4-sp/hard\libc_nano.a(lib_a-fwalk.o)
                0x08009e1c                _fwalk_reent
 .text.__libc_init_array
                0x08009e58       0x48 c:/ac6/systemworkbench/plugins/fr.ac6.mcu.externaltools.arm-none.win32_1.15.0.201708311556/tools/compiler/bin/../lib/gcc/arm-none-eabi/6.3.1/../../../../arm-none-eabi/lib/thumb/v7e-m/fpv4-sp/hard\libc_nano.a(lib_a-init.o)
                0x08009e58                __libc_init_array
 .text.malloc   0x08009ea0       0x10 c:/ac6/systemworkbench/plugins/fr.ac6.mcu.externaltools.arm-none.win32_1.15.0.201708311556/tools/compiler/bin/../lib/gcc/arm-none-eabi/6.3.1/../../../../arm-none-eabi/lib/thumb/v7e-m/fpv4-sp/hard\libc_nano.a(lib_a-malloc.o)
                0x08009ea0                malloc
 .text.free     0x08009eb0       0x10 c:/ac6/systemworkbench/plugins/fr.ac6.mcu.externaltools.arm-none.win32_1.15.0.201708311556/tools/compiler/bin/../lib/gcc/arm-none-eabi/6.3.1/../../../../arm-none-eabi/lib/thumb/v7e-m/fpv4-sp/hard\libc_nano.a(lib_a-malloc.o)
                0x08009eb0                free
 .text.memcpy   0x08009ec0       0x16 c:/ac6/systemworkbench/plugins/fr.ac6.mcu.externaltools.arm-none.win32_1.15.0.201708311556/tools/compiler/bin/../lib/gcc/arm-none-eabi/6.3.1/../../../../arm-none-eabi/lib/thumb/v7e-m/fpv4-sp/hard\libc_nano.a(lib_a-memcpy-stub.o)
                0x08009ec0                memcpy
 .text.memset   0x08009ed6       0x10 c:/ac6/systemworkbench/plugins/fr.ac6.mcu.externaltools.arm-none.win32_1.15.0.201708311556/tools/compiler/bin/../lib/gcc/arm-none-eabi/6.3.1/../../../../arm-none-eabi/lib/thumb/v7e-m/fpv4-sp/hard\libc_nano.a(lib_a-memset.o)
                0x08009ed6                memset
 *fill*         0x08009ee6        0x2 
 .text._free_r  0x08009ee8       0x9c c:/ac6/systemworkbench/plugins/fr.ac6.mcu.externaltools.arm-none.win32_1.15.0.201708311556/tools/compiler/bin/../lib/gcc/arm-none-eabi/6.3.1/../../../../arm-none-eabi/lib/thumb/v7e-m/fpv4-sp/hard\libc_nano.a(lib_a-nano-freer.o)
                0x08009ee8                _free_r
 .text._malloc_r
                0x08009f84       0xbc c:/ac6/systemworkbench/plugins/fr.ac6.mcu.externaltools.arm-none.win32_1.15.0.201708311556/tools/compiler/bin/../lib/gcc/arm-none-eabi/6.3.1/../../../../arm-none-eabi/lib/thumb/v7e-m/fpv4-sp/hard\libc_nano.a(lib_a-nano-mallocr.o)
                0x08009f84                _malloc_r
 .text.printf   0x0800a040       0x30 c:/ac6/systemworkbench/plugins/fr.ac6.mcu.externaltools.arm-none.win32_1.15.0.201708311556/tools/compiler/bin/../lib/gcc/arm-none-eabi/6.3.1/../../../../arm-none-eabi/lib/thumb/v7e-m/fpv4-sp/hard\libc_nano.a(lib_a-printf.o)
                0x0800a040                iprintf
                0x0800a040                printf
 .text.putchar  0x0800a070       0x28 c:/ac6/systemworkbench/plugins/fr.ac6.mcu.externaltools.arm-none.win32_1.15.0.201708311556/tools/compiler/bin/../lib/gcc/arm-none-eabi/6.3.1/../../../../arm-none-eabi/lib/thumb/v7e-m/fpv4-sp/hard\libc_nano.a(lib_a-putchar.o)
                0x0800a070                putchar
 .text._puts_r  0x0800a098       0xb8 c:/ac6/systemworkbench/plugins/fr.ac6.mcu.externaltools.arm-none.win32_1.15.0.201708311556/tools/compiler/bin/../lib/gcc/arm-none-eabi/6.3.1/../../../../arm-none-eabi/lib/thumb/v7e-m/fpv4-sp/hard\libc_nano.a(lib_a-puts.o)
                0x0800a098                _puts_r
 .text.puts     0x0800a150       0x10 c:/ac6/systemworkbench/plugins/fr.ac6.mcu.externaltools.arm-none.win32_1.15.0.201708311556/tools/compiler/bin/../lib/gcc/arm-none-eabi/6.3.1/../../../../arm-none-eabi/lib/thumb/v7e-m/fpv4-sp/hard\libc_nano.a(lib_a-puts.o)
                0x0800a150                puts
 .text.__srget_r
                0x0800a160       0x58 c:/ac6/systemworkbench/plugins/fr.ac6.mcu.externaltools.arm-none.win32_1.15.0.201708311556/tools/compiler/bin/../lib/gcc/arm-none-eabi/6.3.1/../../../../arm-none-eabi/lib/thumb/v7e-m/fpv4-sp/hard\libc_nano.a(lib_a-rget.o)
                0x0800a160                __srget_r
 .text._sbrk_r  0x0800a1b8       0x20 c:/ac6/systemworkbench/plugins/fr.ac6.mcu.externaltools.arm-none.win32_1.15.0.201708311556/tools/compiler/bin/../lib/gcc/arm-none-eabi/6.3.1/../../../../arm-none-eabi/lib/thumb/v7e-m/fpv4-sp/hard\libc_nano.a(lib_a-sbrkr.o)
                0x0800a1b8                _sbrk_r
 .text.sprintf  0x0800a1d8       0x48 c:/ac6/systemworkbench/plugins/fr.ac6.mcu.externaltools.arm-none.win32_1.15.0.201708311556/tools/compiler/bin/../lib/gcc/arm-none-eabi/6.3.1/../../../../arm-none-eabi/lib/thumb/v7e-m/fpv4-sp/hard\libc_nano.a(lib_a-sprintf.o)
                0x0800a1d8                siprintf
                0x0800a1d8                sprintf
 .text.__sread  0x0800a220       0x22 c:/ac6/systemworkbench/plugins/fr.ac6.mcu.externaltools.arm-none.win32_1.15.0.201708311556/tools/compiler/bin/../lib/gcc/arm-none-eabi/6.3.1/../../../../arm-none-eabi/lib/thumb/v7e-m/fpv4-sp/hard\libc_nano.a(lib_a-stdio.o)
                0x0800a220                __sread
 .text.__swrite
                0x0800a242       0x38 c:/ac6/systemworkbench/plugins/fr.ac6.mcu.externaltools.arm-none.win32_1.15.0.201708311556/tools/compiler/bin/../lib/gcc/arm-none-eabi/6.3.1/../../../../arm-none-eabi/lib/thumb/v7e-m/fpv4-sp/hard\libc_nano.a(lib_a-stdio.o)
                0x0800a242                __swrite
 .text.__sseek  0x0800a27a       0x24 c:/ac6/systemworkbench/plugins/fr.ac6.mcu.externaltools.arm-none.win32_1.15.0.201708311556/tools/compiler/bin/../lib/gcc/arm-none-eabi/6.3.1/../../../../arm-none-eabi/lib/thumb/v7e-m/fpv4-sp/hard\libc_nano.a(lib_a-stdio.o)
                0x0800a27a                __sseek
 .text.__sclose
                0x0800a29e        0x8 c:/ac6/systemworkbench/plugins/fr.ac6.mcu.externaltools.arm-none.win32_1.15.0.201708311556/tools/compiler/bin/../lib/gcc/arm-none-eabi/6.3.1/../../../../arm-none-eabi/lib/thumb/v7e-m/fpv4-sp/hard\libc_nano.a(lib_a-stdio.o)
                0x0800a29e                __sclose
 *fill*         0x0800a2a6        0x2 
 .text.__swbuf_r
                0x0800a2a8       0xa4 c:/ac6/systemworkbench/plugins/fr.ac6.mcu.externaltools.arm-none.win32_1.15.0.201708311556/tools/compiler/bin/../lib/gcc/arm-none-eabi/6.3.1/../../../../arm-none-eabi/lib/thumb/v7e-m/fpv4-sp/hard\libc_nano.a(lib_a-wbuf.o)
                0x0800a2a8                __swbuf_r
 .text._write_r
                0x0800a34c       0x24 c:/ac6/systemworkbench/plugins/fr.ac6.mcu.externaltools.arm-none.win32_1.15.0.201708311556/tools/compiler/bin/../lib/gcc/arm-none-eabi/6.3.1/../../../../arm-none-eabi/lib/thumb/v7e-m/fpv4-sp/hard\libc_nano.a(lib_a-writer.o)
                0x0800a34c                _write_r
 .text.__swsetup_r
                0x0800a370       0xdc c:/ac6/systemworkbench/plugins/fr.ac6.mcu.externaltools.arm-none.win32_1.15.0.201708311556/tools/compiler/bin/../lib/gcc/arm-none-eabi/6.3.1/../../../../arm-none-eabi/lib/thumb/v7e-m/fpv4-sp/hard\libc_nano.a(lib_a-wsetup.o)
                0x0800a370                __swsetup_r
 .text._close_r
                0x0800a44c       0x20 c:/ac6/systemworkbench/plugins/fr.ac6.mcu.externaltools.arm-none.win32_1.15.0.201708311556/tools/compiler/bin/../lib/gcc/arm-none-eabi/6.3.1/../../../../arm-none-eabi/lib/thumb/v7e-m/fpv4-sp/hard\libc_nano.a(lib_a-closer.o)
                0x0800a44c                _close_r
 .text.__sflush_r
                0x0800a46c      0x110 c:/ac6/systemworkbench/plugins/fr.ac6.mcu.externaltools.arm-none.win32_1.15.0.201708311556/tools/compiler/bin/../lib/gcc/arm-none-eabi/6.3.1/../../../../arm-none-eabi/lib/thumb/v7e-m/fpv4-sp/hard\libc_nano.a(lib_a-fflush.o)
                0x0800a46c                __sflush_r
 .text._fflush_r
                0x0800a57c       0x54 c:/ac6/systemworkbench/plugins/fr.ac6.mcu.externaltools.arm-none.win32_1.15.0.201708311556/tools/compiler/bin/../lib/gcc/arm-none-eabi/6.3.1/../../../../arm-none-eabi/lib/thumb/v7e-m/fpv4-sp/hard\libc_nano.a(lib_a-fflush.o)
                0x0800a57c                _fflush_r
 .text.fflush   0x0800a5d0       0x24 c:/ac6/systemworkbench/plugins/fr.ac6.mcu.externaltools.arm-none.win32_1.15.0.201708311556/tools/compiler/bin/../lib/gcc/arm-none-eabi/6.3.1/../../../../arm-none-eabi/lib/thumb/v7e-m/fpv4-sp/hard\libc_nano.a(lib_a-fflush.o)
                0x0800a5d0                fflush
 .text._lseek_r
                0x0800a5f4       0x24 c:/ac6/systemworkbench/plugins/fr.ac6.mcu.externaltools.arm-none.win32_1.15.0.201708311556/tools/compiler/bin/../lib/gcc/arm-none-eabi/6.3.1/../../../../arm-none-eabi/lib/thumb/v7e-m/fpv4-sp/hard\libc_nano.a(lib_a-lseekr.o)
                0x0800a5f4                _lseek_r
 .text.__swhatbuf_r
                0x0800a618       0x48 c:/ac6/systemworkbench/plugins/fr.ac6.mcu.externaltools.arm-none.win32_1.15.0.201708311556/tools/compiler/bin/../lib/gcc/arm-none-eabi/6.3.1/../../../../arm-none-eabi/lib/thumb/v7e-m/fpv4-sp/hard\libc_nano.a(lib_a-makebuf.o)
                0x0800a618                __swhatbuf_r
 .text.__smakebuf_r
                0x0800a660       0x80 c:/ac6/systemworkbench/plugins/fr.ac6.mcu.externaltools.arm-none.win32_1.15.0.201708311556/tools/compiler/bin/../lib/gcc/arm-none-eabi/6.3.1/../../../../arm-none-eabi/lib/thumb/v7e-m/fpv4-sp/hard\libc_nano.a(lib_a-makebuf.o)
                0x0800a660                __smakebuf_r
 .text.__malloc_lock
                0x0800a6e0        0x2 c:/ac6/systemworkbench/plugins/fr.ac6.mcu.externaltools.arm-none.win32_1.15.0.201708311556/tools/compiler/bin/../lib/gcc/arm-none-eabi/6.3.1/../../../../arm-none-eabi/lib/thumb/v7e-m/fpv4-sp/hard\libc_nano.a(lib_a-mlock.o)
                0x0800a6e0                __malloc_lock
 .text.__malloc_unlock
                0x0800a6e2        0x2 c:/ac6/systemworkbench/plugins/fr.ac6.mcu.externaltools.arm-none.win32_1.15.0.201708311556/tools/compiler/bin/../lib/gcc/arm-none-eabi/6.3.1/../../../../arm-none-eabi/lib/thumb/v7e-m/fpv4-sp/hard\libc_nano.a(lib_a-mlock.o)
                0x0800a6e2                __malloc_unlock
 .text.__ssputs_r
                0x0800a6e4       0xb6 c:/ac6/systemworkbench/plugins/fr.ac6.mcu.externaltools.arm-none.win32_1.15.0.201708311556/tools/compiler/bin/../lib/gcc/arm-none-eabi/6.3.1/../../../../arm-none-eabi/lib/thumb/v7e-m/fpv4-sp/hard\libc_nano.a(lib_a-nano-svfprintf.o)
                0x0800a6e4                __ssputs_r
 *fill*         0x0800a79a        0x2 
 .text._svfprintf_r
                0x0800a79c      0x1e8 c:/ac6/systemworkbench/plugins/fr.ac6.mcu.externaltools.arm-none.win32_1.15.0.201708311556/tools/compiler/bin/../lib/gcc/arm-none-eabi/6.3.1/../../../../arm-none-eabi/lib/thumb/v7e-m/fpv4-sp/hard\libc_nano.a(lib_a-nano-svfprintf.o)
                0x0800a79c                _svfiprintf_r
                0x0800a79c                _svfprintf_r
 .text.__sfputc_r
                0x0800a984       0x30 c:/ac6/systemworkbench/plugins/fr.ac6.mcu.externaltools.arm-none.win32_1.15.0.201708311556/tools/compiler/bin/../lib/gcc/arm-none-eabi/6.3.1/../../../../arm-none-eabi/lib/thumb/v7e-m/fpv4-sp/hard\libc_nano.a(lib_a-nano-vfprintf.o)
 .text.__sfputs_r
                0x0800a9b4       0x24 c:/ac6/systemworkbench/plugins/fr.ac6.mcu.externaltools.arm-none.win32_1.15.0.201708311556/tools/compiler/bin/../lib/gcc/arm-none-eabi/6.3.1/../../../../arm-none-eabi/lib/thumb/v7e-m/fpv4-sp/hard\libc_nano.a(lib_a-nano-vfprintf.o)
                0x0800a9b4                __sfputs_r
 .text._vfprintf_r
                0x0800a9d8      0x22c c:/ac6/systemworkbench/plugins/fr.ac6.mcu.externaltools.arm-none.win32_1.15.0.201708311556/tools/compiler/bin/../lib/gcc/arm-none-eabi/6.3.1/../../../../arm-none-eabi/lib/thumb/v7e-m/fpv4-sp/hard\libc_nano.a(lib_a-nano-vfprintf.o)
                0x0800a9d8                _vfprintf_r
                0x0800a9d8                _vfiprintf_r
 .text._printf_common
                0x0800ac04       0xec c:/ac6/systemworkbench/plugins/fr.ac6.mcu.externaltools.arm-none.win32_1.15.0.201708311556/tools/compiler/bin/../lib/gcc/arm-none-eabi/6.3.1/../../../../arm-none-eabi/lib/thumb/v7e-m/fpv4-sp/hard\libc_nano.a(lib_a-nano-vfprintf_i.o)
                0x0800ac04                _printf_common
 .text._printf_i
                0x0800acf0      0x240 c:/ac6/systemworkbench/plugins/fr.ac6.mcu.externaltools.arm-none.win32_1.15.0.201708311556/tools/compiler/bin/../lib/gcc/arm-none-eabi/6.3.1/../../../../arm-none-eabi/lib/thumb/v7e-m/fpv4-sp/hard\libc_nano.a(lib_a-nano-vfprintf_i.o)
                0x0800acf0                _printf_i
 .text._putc_r  0x0800af30       0x6c c:/ac6/systemworkbench/plugins/fr.ac6.mcu.externaltools.arm-none.win32_1.15.0.201708311556/tools/compiler/bin/../lib/gcc/arm-none-eabi/6.3.1/../../../../arm-none-eabi/lib/thumb/v7e-m/fpv4-sp/hard\libc_nano.a(lib_a-putc.o)
                0x0800af30                _putc_r
 .text._read_r  0x0800af9c       0x24 c:/ac6/systemworkbench/plugins/fr.ac6.mcu.externaltools.arm-none.win32_1.15.0.201708311556/tools/compiler/bin/../lib/gcc/arm-none-eabi/6.3.1/../../../../arm-none-eabi/lib/thumb/v7e-m/fpv4-sp/hard\libc_nano.a(lib_a-readr.o)
                0x0800af9c                _read_r
 .text.lflush   0x0800afc0       0x12 c:/ac6/systemworkbench/plugins/fr.ac6.mcu.externaltools.arm-none.win32_1.15.0.201708311556/tools/compiler/bin/../lib/gcc/arm-none-eabi/6.3.1/../../../../arm-none-eabi/lib/thumb/v7e-m/fpv4-sp/hard\libc_nano.a(lib_a-refill.o)
 *fill*         0x0800afd2        0x2 
 .text.__srefill_r
                0x0800afd4      0x114 c:/ac6/systemworkbench/plugins/fr.ac6.mcu.externaltools.arm-none.win32_1.15.0.201708311556/tools/compiler/bin/../lib/gcc/arm-none-eabi/6.3.1/../../../../arm-none-eabi/lib/thumb/v7e-m/fpv4-sp/hard\libc_nano.a(lib_a-refill.o)
                0x0800afd4                __srefill_r
 .text._fstat_r
                0x0800b0e8       0x24 c:/ac6/systemworkbench/plugins/fr.ac6.mcu.externaltools.arm-none.win32_1.15.0.201708311556/tools/compiler/bin/../lib/gcc/arm-none-eabi/6.3.1/../../../../arm-none-eabi/lib/thumb/v7e-m/fpv4-sp/hard\libc_nano.a(lib_a-fstatr.o)
                0x0800b0e8                _fstat_r
 .text._isatty_r
                0x0800b10c       0x20 c:/ac6/systemworkbench/plugins/fr.ac6.mcu.externaltools.arm-none.win32_1.15.0.201708311556/tools/compiler/bin/../lib/gcc/arm-none-eabi/6.3.1/../../../../arm-none-eabi/lib/thumb/v7e-m/fpv4-sp/hard\libc_nano.a(lib_a-isattyr.o)
                0x0800b10c                _isatty_r
 .text.memmove  0x0800b12c       0x34 c:/ac6/systemworkbench/plugins/fr.ac6.mcu.externaltools.arm-none.win32_1.15.0.201708311556/tools/compiler/bin/../lib/gcc/arm-none-eabi/6.3.1/../../../../arm-none-eabi/lib/thumb/v7e-m/fpv4-sp/hard\libc_nano.a(lib_a-memmove.o)
                0x0800b12c                memmove
 .text._realloc_r
                0x0800b160       0x4c c:/ac6/systemworkbench/plugins/fr.ac6.mcu.externaltools.arm-none.win32_1.15.0.201708311556/tools/compiler/bin/../lib/gcc/arm-none-eabi/6.3.1/../../../../arm-none-eabi/lib/thumb/v7e-m/fpv4-sp/hard\libc_nano.a(lib_a-nano-reallocr.o)
                0x0800b160                _realloc_r
 .text._malloc_usable_size_r
                0x0800b1ac       0x12 c:/ac6/systemworkbench/plugins/fr.ac6.mcu.externaltools.arm-none.win32_1.15.0.201708311556/tools/compiler/bin/../lib/gcc/arm-none-eabi/6.3.1/../../../../arm-none-eabi/lib/thumb/v7e-m/fpv4-sp/hard\libc_nano.a(lib_a-nano-msizer.o)
                0x0800b1ac                _malloc_usable_size_r
 *fill*         0x0800b1be        0x2 
 .text._close   0x0800b1c0       0x10 c:/ac6/systemworkbench/plugins/fr.ac6.mcu.externaltools.arm-none.win32_1.15.0.201708311556/tools/compiler/bin/../lib/gcc/arm-none-eabi/6.3.1/../../../../arm-none-eabi/lib/thumb/v7e-m/fpv4-sp/hard\libnosys.a(close.o)
                0x0800b1c0                _close
 .text._fstat   0x0800b1d0       0x10 c:/ac6/systemworkbench/plugins/fr.ac6.mcu.externaltools.arm-none.win32_1.15.0.201708311556/tools/compiler/bin/../lib/gcc/arm-none-eabi/6.3.1/../../../../arm-none-eabi/lib/thumb/v7e-m/fpv4-sp/hard\libnosys.a(fstat.o)
                0x0800b1d0                _fstat
 .text._isatty  0x0800b1e0       0x10 c:/ac6/systemworkbench/plugins/fr.ac6.mcu.externaltools.arm-none.win32_1.15.0.201708311556/tools/compiler/bin/../lib/gcc/arm-none-eabi/6.3.1/../../../../arm-none-eabi/lib/thumb/v7e-m/fpv4-sp/hard\libnosys.a(isatty.o)
                0x0800b1e0                _isatty
 .text._lseek   0x0800b1f0       0x10 c:/ac6/systemworkbench/plugins/fr.ac6.mcu.externaltools.arm-none.win32_1.15.0.201708311556/tools/compiler/bin/../lib/gcc/arm-none-eabi/6.3.1/../../../../arm-none-eabi/lib/thumb/v7e-m/fpv4-sp/hard\libnosys.a(lseek.o)
                0x0800b1f0                _lseek
 .text._sbrk    0x0800b200       0x1c c:/ac6/systemworkbench/plugins/fr.ac6.mcu.externaltools.arm-none.win32_1.15.0.201708311556/tools/compiler/bin/../lib/gcc/arm-none-eabi/6.3.1/../../../../arm-none-eabi/lib/thumb/v7e-m/fpv4-sp/hard\libnosys.a(sbrk.o)
                0x0800b200                _sbrk
 *(.glue_7)
 .glue_7        0x0800b21c        0x0 linker stubs
 *(.glue_7t)
 .glue_7t       0x0800b21c        0x0 linker stubs
 *(.eh_frame)
 .eh_frame      0x0800b21c        0x0 c:/ac6/systemworkbench/plugins/fr.ac6.mcu.externaltools.arm-none.win32_1.15.0.201708311556/tools/compiler/bin/../lib/gcc/arm-none-eabi/6.3.1/thumb/v7e-m/fpv4-sp/hard/crtbegin.o
 *(.init)
 .init          0x0800b21c        0x4 c:/ac6/systemworkbench/plugins/fr.ac6.mcu.externaltools.arm-none.win32_1.15.0.201708311556/tools/compiler/bin/../lib/gcc/arm-none-eabi/6.3.1/thumb/v7e-m/fpv4-sp/hard/crti.o
                0x0800b21c                _init
 .init          0x0800b220        0x8 c:/ac6/systemworkbench/plugins/fr.ac6.mcu.externaltools.arm-none.win32_1.15.0.201708311556/tools/compiler/bin/../lib/gcc/arm-none-eabi/6.3.1/thumb/v7e-m/fpv4-sp/hard/crtn.o
 *(.fini)
 .fini          0x0800b228        0x4 c:/ac6/systemworkbench/plugins/fr.ac6.mcu.externaltools.arm-none.win32_1.15.0.201708311556/tools/compiler/bin/../lib/gcc/arm-none-eabi/6.3.1/thumb/v7e-m/fpv4-sp/hard/crti.o
                0x0800b228                _fini
 .fini          0x0800b22c        0x8 c:/ac6/systemworkbench/plugins/fr.ac6.mcu.externaltools.arm-none.win32_1.15.0.201708311556/tools/compiler/bin/../lib/gcc/arm-none-eabi/6.3.1/thumb/v7e-m/fpv4-sp/hard/crtn.o
                0x0800b234                . = ALIGN (0x4)
                0x0800b234                _etext = .

.vfp11_veneer   0x0800b234        0x0
 .vfp11_veneer  0x0800b234        0x0 linker stubs

.v4_bx          0x0800b234        0x0
 .v4_bx         0x0800b234        0x0 linker stubs

.iplt           0x0800b234        0x0
 .iplt          0x0800b234        0x0 c:/ac6/systemworkbench/plugins/fr.ac6.mcu.externaltools.arm-none.win32_1.15.0.201708311556/tools/compiler/bin/../lib/gcc/arm-none-eabi/6.3.1/thumb/v7e-m/fpv4-sp/hard/crtbegin.o

.rodata         0x0800b234     0x2450
                0x0800b234                . = ALIGN (0x4)
 *(.rodata)
 .rodata        0x0800b234      0x474 Drivers/BSP/Fonts/font12.o
                0x0800b234                Font12_Table
 .rodata        0x0800b6a8     0x1ab8 Drivers/BSP/Fonts/font24.o
                0x0800b6a8                Font24_Table
 .rodata        0x0800d160        0x8 Drivers/STM32F4xx_HAL_Driver/Src/stm32f4xx_hal_dma.o
 .rodata        0x0800d168       0x9e Middlewares/Third_Party/FatFs/src/ff.o
 *fill*         0x0800d206        0x2 
 .rodata        0x0800d208       0x44 Src/freertos.o
 .rodata        0x0800d24c       0x1c Src/sd_diskio.o
                0x0800d254                SD_Driver
 .rodata        0x0800d268       0x18 Src/system_stm32f4xx.o
                0x0800d268                AHBPrescTable
                0x0800d278                APBPrescTable
 *(.rodata*)
 .rodata.str1.4
                0x0800d280       0x26 Drivers/BSP/openx07v_c_lcd.o
 *fill*         0x0800d2a6        0x2 
 .rodata.str1.4